<html>
<body>
<pre>
<h1>礦ision Build Log</h1>
<h2>Project:</h2>
F:\工作\研究生\2015robomasters\进度\沈阳化工大学 —化工酷炫机器人队—RM2016-3HY2F—第四次进度报告\3510加6623t型板程序\纯pid\整车\整车\Project\STM32F4.uvproj
Project File Date:  05/08/2016

<h2>Output:</h2>
Build target 'STM32F4'
compiling wheel.c...
linking...
Program Size: Code=25468 RO-data=424 RW-data=852 ZI-data=8708  
".\Objects\STM32F4.axf" - 0 Errors, 0 Warning(s).
Load "F:\\工作\\研究生\\2015robomasters\\进度\\沈阳化工大学 —化工酷炫机器人队—RM2016-3HY2F—第四次进度报告\\3510加6623t型板程序\\纯pid\\整车\\整车\\Project\\Objects\\STM32F4.axf" 
Set JLink Project File to "F:\工作\研究生\2015robomasters\进度\沈阳化工大学 —化工酷炫机器人队—RM2016-3HY2F—第四次进度报告\3510加6623t型板程序\纯pid\整车\整车\Project\JLinkSettings.ini"
* JLink Info: Device "STM32F405RG" selected (1024 KB flash, 128 KB RAM).
 
JLink info:
------------
DLL: V4.68a, compiled Apr 12 2013 13:26:50
Firmware: J-Link ARM-OB STM32 compiled Aug 22 2012 19:52:04
Hardware: V7.00
S/N : 20090928 
Feature(s) : RDI,FlashDL,FlashBP,JFlash,GDBFull 
 
* JLink Info: Found SWD-DP with ID 0x2BA01477
* JLink Info: Found SWD-DP with ID 0x2BA01477
* JLink Info: TPIU fitted.
* JLink Info: ETM fitted.
* JLink Info: FPUnit: 6 code (BP) slots and 2 literal slots
* JLink Info: Found Cortex-M4 r0p1, Little endian.
ROMTableAddr = 0xE00FF003
 
Target info:
------------
Device: STM32F405RG
VTarget = 3.300V
State of Pins: 
TCK: 0, TDI: 0, TDO: 1, TMS: 0, TRES: 1, TRST: 1
Hardware-Breakpoints: 6
Software-Breakpoints: 8192
Watchpoints:          4
JTAG speed: 2000 kHz
 
Erase Done.
Programming Done.
Verify OK.
Application running ...
Load "F:\\工作\\研究生\\2015robomasters\\进度\\沈阳化工大学 —化工酷炫机器人队—RM2016-3HY2F—第四次进度报告\\3510加6623t型板程序\\纯pid\\整车\\整车\\Project\\Objects\\STM32F4.axf" 
Set JLink Project File to "F:\工作\研究生\2015robomasters\进度\沈阳化工大学 —化工酷炫机器人队—RM2016-3HY2F—第四次进度报告\3510加6623t型板程序\纯pid\整车\整车\Project\JLinkSettings.ini"
* JLink Info: Device "STM32F405RG" selected (1024 KB flash, 128 KB RAM).
 
JLink info:
------------
DLL: V4.68a, compiled Apr 12 2013 13:26:50
Firmware: J-Link ARM-OB STM32 compiled Aug 22 2012 19:52:04
Hardware: V7.00
S/N : 20090928 
Feature(s) : RDI,FlashDL,FlashBP,JFlash,GDBFull 
 
* JLink Info: Found SWD-DP with ID 0x2BA01477
* JLink Info: Found SWD-DP with ID 0x2BA01477
* JLink Info: TPIU fitted.
* JLink Info: ETM fitted.
* JLink Info: FPUnit: 6 code (BP) slots and 2 literal slots
* JLink Info: Found Cortex-M4 r0p1, Little endian.
ROMTableAddr = 0xE00FF003
 
Target info:
------------
Device: STM32F405RG
VTarget = 3.300V
State of Pins: 
TCK: 0, TDI: 0, TDO: 1, TMS: 0, TRES: 1, TRST: 1
Hardware-Breakpoints: 6
Software-Breakpoints: 8192
Watchpoints:          4
JTAG speed: 2000 kHz
 
Erase Done.
Programming Done.
Verify OK.
Application running ...
