<html>
<body>
<pre>
<h1>µVision Build Log</h1>
<h2>Tool Versions:</h2>
IDE-Version: ¦ÌVision V5.27.1.0
Copyright (C) 2019 ARM Ltd and ARM Germany GmbH. All rights reserved.
License Information: 111 111, 111, LIC=EPPLD-8HNE6-MSDYP-MXLL9-DGA9C-G97J4
 
Tool Versions:
Toolchain:       MDK-ARM Professional  Version: 5.27.1.0
Toolchain Path:  D:\MDK\ARM\ARMCC\Bin
C Compiler:      Armcc.exe V5.06 update 6 (build 750)
Assembler:       Armasm.exe V5.06 update 6 (build 750)
Linker/Locator:  ArmLink.exe V5.06 update 6 (build 750)
Library Manager: ArmAr.exe V5.06 update 6 (build 750)
Hex Converter:   FromElf.exe V5.06 update 6 (build 750)
CPU DLL:         SARMCM3.DLL V5.27.1.0
Dialog DLL:      DCM.DLL V1.17.2.0
Target DLL:      Segger\JL2CM3.dll V2.99.35.0
Dialog DLL:      TCM.DLL V1.36.1.0
 
<h2>Project:</h2>
C:\Users\Administrator\Desktop\3508_17mm\Project\standard.uvprojx
Project File Date:  07/07/2020

<h2>Output:</h2>
*** Using Compiler 'V5.06 update 6 (build 750)', folder: 'D:\MDK\ARM\ARMCC\Bin'
Build target 'standard'
compiling chassis_task.c...
..\user\APP\chassis_task\chassis_task.c(385): warning:  #188-D: enumerated type mixed with another type
  		chassis_move_update->super_cap.discharge_current_state = chassis_move_update->super_cap.super_power_mcu_msg_pointer->msg1;
..\user\APP\chassis_task\chassis_task.c(386): warning:  #188-D: enumerated type mixed with another type
  		chassis_move_update->super_cap.charge_current_state = chassis_move_update->super_cap.super_power_mcu_msg_pointer->msg2;
..\user\APP\chassis_task\chassis_task.c(737): warning:  #1-D: last line of file ends without a newline
  }
..\user\APP\chassis_task\chassis_task.c(247): warning:  #177-D: function "chassis_set_mode"  was declared but never referenced
  static void chassis_set_mode(chassis_move_t *chassis_move_mode)
..\user\APP\chassis_task\chassis_task.c(307): warning:  #177-D: function "chassis_mode_change_control_transit"  was declared but never referenced
  static void chassis_mode_change_control_transit(chassis_move_t *chassis_move_transit)
..\user\APP\chassis_task\chassis_task.c(462): warning:  #177-D: function "chassis_set_contorl"  was declared but never referenced
  static void chassis_set_contorl(chassis_move_t *chassis_move_control)
..\user\APP\chassis_task\chassis_task.c(630): warning:  #177-D: function "chassis_power_control"  was declared but never referenced
  static void chassis_power_control(chassis_move_t *chassis_power_control)
..\user\APP\chassis_task\chassis_task.c(723): warning:  #177-D: function "super_power_data_transmit"  was declared but never referenced
  static void super_power_data_transmit(chassis_move_t *chassis_move)
..\user\APP\chassis_task\chassis_task.c(558): warning:  #177-D: function "chassis_vector_to_mecanum_wheel_speed"  was declared but never referenced
  static void chassis_vector_to_mecanum_wheel_speed(const fp32 vx_set, const fp32 vy_set, const fp32 wz_set, fp32 wheel_speed[4])
..\user\APP\chassis_task\chassis_task.c: 9 warnings, 0 errors
linking...
Program Size: Code=15444 RO-data=540 RW-data=260 ZI-data=8004  
FromELF: creating hex file...
".\Objects\infantry.axf" - 0 Error(s), 9 Warning(s).

<h2>Software Packages used:</h2>

Package Vendor: ARM
                http://www.keil.com/pack/ARM.CMSIS.5.5.1.pack
                ARM.CMSIS.5.5.1
                CMSIS (Cortex Microcontroller Software Interface Standard)
   * Component: CORE Version: 5.2.0
   * Component: DSP Variant: Library Version: 1.6.0

Package Vendor: Keil
                http://www.keil.com/pack/Keil.STM32F4xx_DFP.2.7.0.pack
                Keil.STM32F4xx_DFP.2.7.0
                STMicroelectronics STM32F4 Series Device Support, Drivers and Examples

<h2>Collection of Component include folders:</h2>
  .\RTE\_standard
  D:\MDK\Arm\Packs\ARM\CMSIS\5.5.1\CMSIS\Core\Include
  D:\MDK\Arm\Packs\ARM\CMSIS\5.5.1\CMSIS\DSP\Include
  D:\MDK\Arm\Packs\Keil\STM32F4xx_DFP\2.7.0\Drivers\CMSIS\Device\ST\STM32F4xx\Include

<h2>Collection of Component Files used:</h2>

   * Component: ARM::CMSIS:CORE:5.2.0

   * Component: ARM::CMSIS:DSP:Library:1.6.0
      Include file:  CMSIS\DSP\Include\arm_math.h
      Library file:  CMSIS\DSP\Lib\ARM\arm_cortexM4lf_math.lib
Build Time Elapsed:  00:00:05
</pre>
</body>
</html>
