Component: ARM Compiler 5.06 update 6 (build 750) Tool: armlink [4d35ed]

==============================================================================

Section Cross References

    startup_stm32f427xx.o(STACK) refers (Special) to heapauxi.o(.text) for __use_two_region_memory
    startup_stm32f427xx.o(HEAP) refers (Special) to heapauxi.o(.text) for __use_two_region_memory
    startup_stm32f427xx.o(RESET) refers (Special) to heapauxi.o(.text) for __use_two_region_memory
    startup_stm32f427xx.o(RESET) refers to startup_stm32f427xx.o(STACK) for __initial_sp
    startup_stm32f427xx.o(RESET) refers to startup_stm32f427xx.o(.text) for Reset_Handler
    startup_stm32f427xx.o(RESET) refers to stm32f4xx_it.o(i.NMI_Handler) for NMI_Handler
    startup_stm32f427xx.o(RESET) refers to stm32f4xx_it.o(i.HardFault_Handler) for HardFault_Handler
    startup_stm32f427xx.o(RESET) refers to stm32f4xx_it.o(i.MemManage_Handler) for MemManage_Handler
    startup_stm32f427xx.o(RESET) refers to stm32f4xx_it.o(i.BusFault_Handler) for BusFault_Handler
    startup_stm32f427xx.o(RESET) refers to stm32f4xx_it.o(i.UsageFault_Handler) for UsageFault_Handler
    startup_stm32f427xx.o(RESET) refers to stm32f4xx_it.o(i.DebugMon_Handler) for DebugMon_Handler
    startup_stm32f427xx.o(RESET) refers to delay.o(i.SysTick_Handler) for SysTick_Handler
    startup_stm32f427xx.o(RESET) refers to exit_init.o(i.EXTI0_IRQHandler) for EXTI0_IRQHandler
    startup_stm32f427xx.o(RESET) refers to exit_init.o(i.EXTI1_IRQHandler) for EXTI1_IRQHandler
    startup_stm32f427xx.o(RESET) refers to can_receive.o(i.CAN1_RX0_IRQHandler) for CAN1_RX0_IRQHandler
    startup_stm32f427xx.o(RESET) refers to ins_task.o(i.EXTI9_5_IRQHandler) for EXTI9_5_IRQHandler
    startup_stm32f427xx.o(RESET) refers to remote_control.o(i.USART1_IRQHandler) for USART1_IRQHandler
    startup_stm32f427xx.o(RESET) refers to can_receive.o(i.TIM6_DAC_IRQHandler) for TIM6_DAC_IRQHandler
    startup_stm32f427xx.o(RESET) refers to can_receive.o(i.CAN2_RX0_IRQHandler) for CAN2_RX0_IRQHandler
    startup_stm32f427xx.o(RESET) refers to ins_task.o(i.DMA2_Stream5_IRQHandler) for DMA2_Stream5_IRQHandler
    startup_stm32f427xx.o(RESET) refers to referee_usart_task.o(i.USART6_IRQHandler) for USART6_IRQHandler
    startup_stm32f427xx.o(RESET) refers to uart7.o(i.UART7_IRQHandler) for UART7_IRQHandler
    startup_stm32f427xx.o(RESET) refers to uart8.o(i.UART8_IRQHandler) for UART8_IRQHandler
    startup_stm32f427xx.o(.text) refers (Special) to heapauxi.o(.text) for __use_two_region_memory
    startup_stm32f427xx.o(.text) refers to system_stm32f4xx.o(i.SystemInit) for SystemInit
    startup_stm32f427xx.o(.text) refers to __main.o(!!!main) for __main
    startup_stm32f427xx.o(.text) refers to startup_stm32f427xx.o(HEAP) for Heap_Mem
    startup_stm32f427xx.o(.text) refers to startup_stm32f427xx.o(STACK) for Stack_Mem
    system_stm32f4xx.o(i.SystemCoreClockUpdate) refers to system_stm32f4xx.o(.data) for SystemCoreClock
    system_stm32f4xx.o(i.SystemInit) refers to system_stm32f4xx.o(i.SetSysClock) for SetSysClock
    stm32f4xx_adc.o(i.ADC_DeInit) refers to stm32f4xx_rcc.o(i.RCC_APB2PeriphResetCmd) for RCC_APB2PeriphResetCmd
    stm32f4xx_can.o(i.CAN_DeInit) refers to stm32f4xx_rcc.o(i.RCC_APB1PeriphResetCmd) for RCC_APB1PeriphResetCmd
    stm32f4xx_can.o(i.CAN_GetITStatus) refers to stm32f4xx_can.o(i.CheckITStatus) for CheckITStatus
    stm32f4xx_cryp.o(i.CRYP_DeInit) refers to stm32f4xx_rcc.o(i.RCC_AHB2PeriphResetCmd) for RCC_AHB2PeriphResetCmd
    stm32f4xx_cryp_aes.o(i.CRYP_AES_CBC) refers to stm32f4xx_cryp.o(i.CRYP_KeyStructInit) for CRYP_KeyStructInit
    stm32f4xx_cryp_aes.o(i.CRYP_AES_CBC) refers to stm32f4xx_cryp.o(i.CRYP_FIFOFlush) for CRYP_FIFOFlush
    stm32f4xx_cryp_aes.o(i.CRYP_AES_CBC) refers to stm32f4xx_cryp.o(i.CRYP_Init) for CRYP_Init
    stm32f4xx_cryp_aes.o(i.CRYP_AES_CBC) refers to stm32f4xx_cryp.o(i.CRYP_KeyInit) for CRYP_KeyInit
    stm32f4xx_cryp_aes.o(i.CRYP_AES_CBC) refers to stm32f4xx_cryp.o(i.CRYP_Cmd) for CRYP_Cmd
    stm32f4xx_cryp_aes.o(i.CRYP_AES_CBC) refers to stm32f4xx_cryp.o(i.CRYP_GetFlagStatus) for CRYP_GetFlagStatus
    stm32f4xx_cryp_aes.o(i.CRYP_AES_CBC) refers to stm32f4xx_cryp.o(i.CRYP_IVInit) for CRYP_IVInit
    stm32f4xx_cryp_aes.o(i.CRYP_AES_CBC) refers to stm32f4xx_cryp.o(i.CRYP_GetCmdStatus) for CRYP_GetCmdStatus
    stm32f4xx_cryp_aes.o(i.CRYP_AES_CBC) refers to stm32f4xx_cryp.o(i.CRYP_DataIn) for CRYP_DataIn
    stm32f4xx_cryp_aes.o(i.CRYP_AES_CBC) refers to stm32f4xx_cryp.o(i.CRYP_DataOut) for CRYP_DataOut
    stm32f4xx_cryp_aes.o(i.CRYP_AES_CCM) refers to stm32f4xx_cryp.o(i.CRYP_KeyStructInit) for CRYP_KeyStructInit
    stm32f4xx_cryp_aes.o(i.CRYP_AES_CCM) refers to stm32f4xx_cryp.o(i.CRYP_FIFOFlush) for CRYP_FIFOFlush
    stm32f4xx_cryp_aes.o(i.CRYP_AES_CCM) refers to stm32f4xx_cryp.o(i.CRYP_KeyInit) for CRYP_KeyInit
    stm32f4xx_cryp_aes.o(i.CRYP_AES_CCM) refers to stm32f4xx_cryp.o(i.CRYP_IVInit) for CRYP_IVInit
[...]
    i.USART_ReceiveData                      0x0800308c   Section        0  stm32f4xx_usart.o(i.USART_ReceiveData)
    i.USART_SendData                         0x08003096   Section        0  stm32f4xx_usart.o(i.USART_SendData)
    i.Uart7_IRQ                              0x080030a0   Section        0  uart7.o(i.Uart7_IRQ)
    i.UsageFault_Handler                     0x08003120   Section        0  stm32f4xx_it.o(i.UsageFault_Handler)
    i.Usart_SendByte                         0x08003124   Section        0  uart8.o(i.Usart_SendByte)
    i.__get_PRIMASK                          0x08003142   Section        0  fifo.o(i.__get_PRIMASK)
    __get_PRIMASK                            0x08003143   Thumb Code     6  fifo.o(i.__get_PRIMASK)
    i.__set_PRIMASK                          0x08003148   Section        0  fifo.o(i.__set_PRIMASK)
    __set_PRIMASK                            0x08003149   Thumb Code     6  fifo.o(i.__set_PRIMASK)
    i.buzzer_init                            0x08003150   Section        0  buzzer.o(i.buzzer_init)
    i.buzzer_off                             0x08003208   Section        0  buzzer.o(i.buzzer_off)
    i.buzzer_on                              0x08003218   Section        0  buzzer.o(i.buzzer_on)
    i.chassis_Setup                          0x08003234   Section        0  chassis_task.o(i.chassis_Setup)
    i.chassis_control_loop                   0x08003244   Section        0  chassis_task.o(i.chassis_control_loop)
    chassis_control_loop                     0x08003245   Thumb Code   144  chassis_task.o(i.chassis_control_loop)
    i.chassis_feedback_update                0x080032d4   Section        0  chassis_task.o(i.chassis_feedback_update)
    chassis_feedback_update                  0x080032d5   Thumb Code   386  chassis_task.o(i.chassis_feedback_update)
    i.chassis_init                           0x08003470   Section        0  chassis_task.o(i.chassis_init)
    chassis_init                             0x08003471   Thumb Code   218  chassis_task.o(i.chassis_init)
    i.chassis_task                           0x08003578   Section        0  chassis_task.o(i.chassis_task)
    i.delay_init                             0x080035e4   Section        0  delay.o(i.delay_init)
    i.delay_ms                               0x08003650   Section        0  delay.o(i.delay_ms)
    i.delay_us                               0x080036a0   Section        0  delay.o(i.delay_us)
    i.fifo_s_init                            0x080036f0   Section        0  fifo.o(i.fifo_s_init)
    i.fifo_s_puts                            0x08003706   Section        0  fifo.o(i.fifo_s_puts)
    i.first_order_filter_init                0x080037a8   Section        0  user_lib.o(i.first_order_filter_init)
    i.flow_led_Combo1                        0x080037cc   Section        0  led.o(i.flow_led_Combo1)
    i.flow_led_off                           0x08003810   Section        0  led.o(i.flow_led_off)
    i.flow_led_toggle                        0x08003828   Section        0  led.o(i.flow_led_toggle)
    i.fric_PWM_configuration                 0x08003840   Section        0  fric.o(i.fric_PWM_configuration)
    i.get_Chassis_Motor_Measure_Point        0x08003940   Section        0  can_receive.o(i.get_Chassis_Motor_Measure_Point)
    i.get_INS_angle_point                    0x08003958   Section        0  ins_task.o(i.get_INS_angle_point)
    i.get_Shoot_Motor_Measure_Point          0x08003960   Section        0  can_receive.o(i.get_Shoot_Motor_Measure_Point)
    i.get_SuperPowerMcu_Msg_Point            0x08003968   Section        0  can_receive.o(i.get_SuperPowerMcu_Msg_Point)
    i.get_pitch_motor_point                  0x08003970   Section        0  gimbal_task.o(i.get_pitch_motor_point)
    i.get_power_heat_data_Point              0x08003978   Section        0  referee_api.o(i.get_power_heat_data_Point)
    i.get_remote_control_point               0x08003980   Section        0  remote_control.o(i.get_remote_control_point)
    i.get_robot_state_data_Point             0x08003988   Section        0  referee_api.o(i.get_robot_state_data_Point)
    i.get_yaw_motor_point                    0x08003990   Section        0  gimbal_task.o(i.get_yaw_motor_point)
    i.init_referee_struct_data               0x08003998   Section        0  referee_usart_task.o(i.init_referee_struct_data)
    init_referee_struct_data                 0x08003999   Thumb Code   112  referee_usart_task.o(i.init_referee_struct_data)
    i.laser_configuration                    0x08003a50   Section        0  laser.o(i.laser_configuration)
    i.laser_on                               0x08003a8c   Section        0  laser.o(i.laser_on)
    i.led_configuration                      0x08003aa0   Section        0  led.o(i.led_configuration)
    i.led_green_on                           0x08003b14   Section        0  led.o(i.led_green_on)
    i.led_red_on                             0x08003b28   Section        0  led.o(i.led_red_on)
    i.loop_fp32_constrain                    0x08003b3c   Section        0  user_lib.o(i.loop_fp32_constrain)
    i.main                                   0x08003b9c   Section        0  main.o(i.main)
    i.mpu6500_SPI_NS_H                       0x08003bb4   Section        0  mpu6500driver_middleware.o(i.mpu6500_SPI_NS_H)
    i.mpu6500_SPI_NS_L                       0x08003bc4   Section        0  mpu6500driver_middleware.o(i.mpu6500_SPI_NS_L)
    i.power_ctrl_configuration               0x08003bd4   Section        0  power_ctrl.o(i.power_ctrl_configuration)
    i.power_ctrl_off                         0x08003c1c   Section        0  power_ctrl.o(i.power_ctrl_off)
    i.power_ctrl_on                          0x08003c3c   Section        0  power_ctrl.o(i.power_ctrl_on)
    i.remote_control_init                    0x08003c5c   Section        0  remote_control.o(i.remote_control_init)
    i.shoot_initiate                         0x08003c70   Section        0  gimbal_task.o(i.shoot_initiate)
    shoot_initiate                           0x08003c71   Thumb Code    44  gimbal_task.o(i.shoot_initiate)
    i.shoot_setup                            0x08003cac   Section        0  gimbal_task.o(i.shoot_setup)
    i.shoot_task                             0x08003cbc   Section        0  gimbal_task.o(i.shoot_task)
    i.sys_time                               0x08003dcc   Section        0  delay.o(i.sys_time)
    i.trigger_switch_in_PushWheel_detected   0x08003ddc   Section        0  trigger_switch.o(i.trigger_switch_in_PushWheel_detected)
    i.trigger_switch_in_ShootWheel_detected  0x08003de8   Section        0  trigger_switch.o(i.trigger_switch_in_ShootWheel_detected)
    x$fpl$fpinit                             0x08003df4   Section       10  fpinit.o(x$fpl$fpinit)
    $v0                                      0x08003df4   Number         0  fpinit.o(x$fpl$fpinit)
    .constdata                               0x08003e00   Section       32  chassis_task.o(.constdata)
    motor_speed_pid                          0x08003e00   Data          12  chassis_task.o(.constdata)
    chassis_yaw_pid                          0x08003e0c   Data          12  chassis_task.o(.constdata)
    chassis_x_order_filter                   0x08003e18   Data           4  chassis_task.o(.constdata)
    chassis_y_order_filter                   0x08003e1c   Data           4  chassis_task.o(.constdata)
    .constdata                               0x08003e20   Section       48  gimbal_task.o(.constdata)
    Shoot_speed_pid                          0x08003e20   Data          12  gimbal_task.o(.constdata)
    fliter_num                               0x08003e2c   Data          12  gimbal_task.o(.constdata)
    Pitch_speed_pid                          0x08003e38   Data          12  gimbal_task.o(.constdata)
    Yaw_speed_pid                            0x08003e44   Data          12  gimbal_task.o(.constdata)
    .data                                    0x20000000   Section       20  system_stm32f4xx.o(.data)
    .data                                    0x20000014   Section       16  stm32f4xx_rcc.o(.data)
    APBAHBPrescTable                         0x20000014   Data          16  stm32f4xx_rcc.o(.data)
    .data                                    0x20000024   Section       16  delay.o(.data)
    fac_us                                   0x20000024   Data           1  delay.o(.data)
    fac_ms                                   0x20000028   Data           4  delay.o(.data)
    .data                                    0x20000034   Section        2  led.o(.data)
    Cnt                                      0x20000034   Data           1  led.o(.data)
    a                                        0x20000035   Data           1  led.o(.data)
    .data                                    0x20000036   Section        2  uart7.o(.data)
    .data                                    0x20000038   Section        9  can_receive.o(.data)
    i                                        0x20000040   Data           1  can_receive.o(.data)
    .data                                    0x20000044   Section       28  gimbal_task.o(.data)
    speed_fliter_1                           0x2000004c   Data           4  gimbal_task.o(.data)
    speed_fliter_2                           0x20000050   Data           4  gimbal_task.o(.data)
    speed_fliter_3                           0x20000054   Data           4  gimbal_task.o(.data)
    bias_angle                               0x20000058   Data           4  gimbal_task.o(.data)
    angle_set                                0x2000005c   Data           4  gimbal_task.o(.data)
    .data                                    0x20000060   Section        2  remote_control.o(.data)
    this_time_rx_len                         0x20000060   Data           2  remote_control.o(.data)
    .data                                    0x20000064   Section       84  start_task.o(.data)
    sched_tasks                              0x20000064   Data          84  start_task.o(.data)
    .data                                    0x200000b8   Section       52  referee_usart_task.o(.data)
    this_time_rx_len                         0x200000ea   Data           2  referee_usart_task.o(.data)
    .data                                    0x200000ec   Section        9  lx_imu.o(.data)
    DT_data_cnt                              0x200000f1   Data           1  lx_imu.o(.data)
    _data_len                                0x200000f2   Data           1  lx_imu.o(.data)
    _data_cnt                                0x200000f3   Data           1  lx_imu.o(.data)
    rxstate                                  0x200000f4   Data           1  lx_imu.o(.data)
    .data                                    0x200000f5   Section        2  trigger_switch.o(.data)
    .data                                    0x200000f8   Section       12  ano_dt.o(.data)
    .bss                                     0x20000104   Section      512  uart7.o(.bss)
    .bss                                     0x20000304   Section      140  can_receive.o(.bss)
    GIMBAL_TxMessage                         0x20000354   Data          20  can_receive.o(.bss)
    rx1_message                              0x20000368   Data          20  can_receive.o(.bss)
    rx2_message                              0x2000037c   Data          20  can_receive.o(.bss)
    .bss                                     0x20000390   Section      568  chassis_task.o(.bss)
    .bss                                     0x200005c8   Section      324  detect_task.o(.bss)
    errorList                                0x200005c8   Data         324  detect_task.o(.bss)
    .bss                                     0x2000070c   Section      668  gimbal_task.o(.bss)
    .bss                                     0x200009a8   Section      344  ins_task.o(.bss)
    Accel_Offset                             0x200009f8   Data          12  ins_task.o(.bss)
    ist8310_real_data                        0x20000a04   Data          16  ins_task.o(.bss)
    INS_accel                                0x20000a2c   Data          12  ins_task.o(.bss)
    INS_mag                                  0x20000a38   Data          12  ins_task.o(.bss)
    INS_quat                                 0x20000a50   Data          16  ins_task.o(.bss)
    imuTempPid                               0x20000a60   Data          72  ins_task.o(.bss)
    accel_fliter_1                           0x20000adc   Data          12  ins_task.o(.bss)
    accel_fliter_2                           0x20000ae8   Data          12  ins_task.o(.bss)
    accel_fliter_3                           0x20000af4   Data          12  ins_task.o(.bss)
    .bss                                     0x20000b00   Section       94  remote_control.o(.bss)
    .bss                                     0x20000b60   Section       36  start_task.o(.bss)
    .bss                                     0x20000b84   Section     2294  referee_usart_task.o(.bss)
    .bss                                     0x2000147c   Section     1896  lx_imu.o(.bss)
    DT_RxBuffer                              0x20001ae4   Data         256  lx_imu.o(.bss)
    .bss                                     0x20001be4   Section       96  libspace.o(.bss)
    HEAP                                     0x20001c48   Section        0  startup_stm32f427xx.o(HEAP)
    STACK                                    0x20001c48   Section     1024  startup_stm32f427xx.o(STACK)
    Heap_Mem                                 0x20001c48   Data           0  startup_stm32f427xx.o(HEAP)
    Stack_Mem                                0x20001c48   Data        1024  startup_stm32f427xx.o(STACK)
    __initial_sp                             0x20002048   Data           0  startup_stm32f427xx.o(STACK)

    Global Symbols

    Symbol Name                              Value     Ov Type        Size  Object(Section)

    BuildAttributes$$THM_ISAv4$E$P$D$K$B$S$7EM$VFPi3$EXTD16$VFPS$VFMA$PE$A:L22UL41UL21$X:L11$S22US41US21$IEEE1$IW$USESV6$~STKCKD$USESV7$~SHL$OTIME$ROPI$IEEEX$EBA8$UX$STANDARDLIB$REQ8$PRES8$EABIv2 0x00000000   Number         0  anon$$obj.o ABSOLUTE
    __ARM_use_no_argv                        0x00000000   Number         0  main.o ABSOLUTE
    __ARM_exceptions_init                     - Undefined Weak Reference
    __alloca_initialize                       - Undefined Weak Reference
    __arm_preinit_                            - Undefined Weak Reference
    __cpp_initialize__aeabi_                  - Undefined Weak Reference
    __cxa_finalize                            - Undefined Weak Reference
    __rt_locale                               - Undefined Weak Reference
    __sigvec_lookup                           - Undefined Weak Reference
    __user_heap_extent                        - Undefined Weak Reference
    _atexit_init                              - Undefined Weak Reference
    _call_atexit_fns                          - Undefined Weak Reference
    _clock_init                               - Undefined Weak Reference
    _fp_trap_big                              - Undefined Weak Reference
    _fp_trap_init                             - Undefined Weak Reference
    _fp_trap_shutdown                         - Undefined Weak Reference
    _get_lc_collate                           - Undefined Weak Reference
    _get_lc_ctype                             - Undefined Weak Reference
    _get_lc_monetary                          - Undefined Weak Reference
    _get_lc_numeric                           - Undefined Weak Reference
    _get_lc_time                              - Undefined Weak Reference
    _getenv_init                              - Undefined Weak Reference
    _handle_redirection                       - Undefined Weak Reference
    _initio                                   - Undefined Weak Reference
    _mutex_acquire                            - Undefined Weak Reference
    _mutex_free                               - Undefined Weak Reference
    _mutex_release                            - Undefined Weak Reference
    _rand_init                                - Undefined Weak Reference
    _signal_finish                            - Undefined Weak Reference
    _signal_init                              - Undefined Weak Reference
    _terminateio                              - Undefined Weak Reference
    __Vectors_Size                           0x000001ac   Number         0  startup_stm32f427xx.o ABSOLUTE
    __Vectors                                0x08000000   Data           4  startup_stm32f427xx.o(RESET)
    __Vectors_End                            0x080001ac   Data           0  startup_stm32f427xx.o(RESET)
    __main                                   0x080001ad   Thumb Code     8  __main.o(!!!main)
    __scatterload                            0x080001b5   Thumb Code     0  __scatter.o(!!!scatter)
    __scatterload_rt2                        0x080001b5   Thumb Code    44  __scatter.o(!!!scatter)
    __scatterload_rt2_thumb_only             0x080001b5   Thumb Code     0  __scatter.o(!!!scatter)
    __scatterload_null                       0x080001c3   Thumb Code     0  __scatter.o(!!!scatter)
    __scatterload_copy                       0x080001e9   Thumb Code    26  __scatter_copy.o(!!handler_copy)
    __scatterload_zeroinit                   0x08000205   Thumb Code    28  __scatter_zi.o(!!handler_zi)
    __rt_lib_init                            0x08000221   Thumb Code     0  libinit.o(.ARM.Collect$$libinit$$00000000)
    __rt_lib_init_fp_1                       0x08000223   Thumb Code     0  libinit2.o(.ARM.Collect$$libinit$$00000001)
    __rt_lib_init_alloca_1                   0x08000227   Thumb Code     0  libinit2.o(.ARM.Collect$$libinit$$0000002E)
    __rt_lib_init_argv_1                     0x08000227   Thumb Code     0  libinit2.o(.ARM.Collect$$libinit$$0000002C)
    __rt_lib_init_atexit_1                   0x08000227   Thumb Code     0  libinit2.o(.ARM.Collect$$libinit$$0000001B)
    __rt_lib_init_clock_1                    0x08000227   Thumb Code     0  libinit2.o(.ARM.Collect$$libinit$$00000021)
    __rt_lib_init_cpp_1                      0x08000227   Thumb Code     0  libinit2.o(.ARM.Collect$$libinit$$00000032)
    __rt_lib_init_exceptions_1               0x08000227   Thumb Code     0  libinit2.o(.ARM.Collect$$libinit$$00000030)
    __rt_lib_init_fp_trap_1                  0x08000227   Thumb Code     0  libinit2.o(.ARM.Collect$$libinit$$0000001F)
    __rt_lib_init_getenv_1                   0x08000227   Thumb Code     0  libinit2.o(.ARM.Collect$$libinit$$00000023)
    __rt_lib_init_heap_1                     0x08000227   Thumb Code     0  libinit2.o(.ARM.Collect$$libinit$$0000000A)
    __rt_lib_init_lc_collate_1               0x08000227   Thumb Code     0  libinit2.o(.ARM.Collect$$libinit$$00000011)
    __rt_lib_init_lc_ctype_1                 0x08000227   Thumb Code     0  libinit2.o(.ARM.Collect$$libinit$$00000013)
    __rt_lib_init_lc_monetary_1              0x08000227   Thumb Code     0  libinit2.o(.ARM.Collect$$libinit$$00000015)
    __rt_lib_init_lc_numeric_1               0x08000227   Thumb Code     0  libinit2.o(.ARM.Collect$$libinit$$00000017)
    __rt_lib_init_lc_time_1                  0x08000227   Thumb Code     0  libinit2.o(.ARM.Collect$$libinit$$00000019)
    __rt_lib_init_preinit_1                  0x08000227   Thumb Code     0  libinit2.o(.ARM.Collect$$libinit$$00000004)
    __rt_lib_init_rand_1                     0x08000227   Thumb Code     0  libinit2.o(.ARM.Collect$$libinit$$0000000E)
    __rt_lib_init_return                     0x08000227   Thumb Code     0  libinit2.o(.ARM.Collect$$libinit$$00000033)
    __rt_lib_init_signal_1                   0x08000227   Thumb Code     0  libinit2.o(.ARM.Collect$$libinit$$0000001D)
    __rt_lib_init_stdio_1                    0x08000227   Thumb Code     0  libinit2.o(.ARM.Collect$$libinit$$00000025)
    __rt_lib_init_user_alloc_1               0x08000227   Thumb Code     0  libinit2.o(.ARM.Collect$$libinit$$0000000C)
    __rt_lib_shutdown                        0x08000229   Thumb Code     0  libshutdown.o(.ARM.Collect$$libshutdown$$00000000)
    __rt_lib_shutdown_cpp_1                  0x0800022b   Thumb Code     0  libshutdown2.o(.ARM.Collect$$libshutdown$$00000002)
    __rt_lib_shutdown_fp_trap_1              0x0800022b   Thumb Code     0  libshutdown2.o(.ARM.Collect$$libshutdown$$00000007)
    __rt_lib_shutdown_heap_1                 0x0800022b   Thumb Code     0  libshutdown2.o(.ARM.Collect$$libshutdown$$0000000F)
    __rt_lib_shutdown_return                 0x0800022b   Thumb Code     0  libshutdown2.o(.ARM.Collect$$libshutdown$$00000010)
    __rt_lib_shutdown_signal_1               0x0800022b   Thumb Code     0  libshutdown2.o(.ARM.Collect$$libshutdown$$0000000A)
    __rt_lib_shutdown_stdio_1                0x0800022b   Thumb Code     0  libshutdown2.o(.ARM.Collect$$libshutdown$$00000004)
    __rt_lib_shutdown_user_alloc_1           0x0800022b   Thumb Code     0  libshutdown2.o(.ARM.Collect$$libshutdown$$0000000C)
    __rt_entry                               0x0800022d   Thumb Code     0  __rtentry.o(.ARM.Collect$$rtentry$$00000000)
    __rt_entry_presh_1                       0x0800022d   Thumb Code     0  __rtentry2.o(.ARM.Collect$$rtentry$$00000002)
    __rt_entry_sh                            0x0800022d   Thumb Code     0  __rtentry4.o(.ARM.Collect$$rtentry$$00000004)
    __rt_entry_li                            0x08000233   Thumb Code     0  __rtentry2.o(.ARM.Collect$$rtentry$$0000000A)
    __rt_entry_postsh_1                      0x08000233   Thumb Code     0  __rtentry2.o(.ARM.Collect$$rtentry$$00000009)
    __rt_entry_main                          0x08000237   Thumb Code     0  __rtentry2.o(.ARM.Collect$$rtentry$$0000000D)
    __rt_entry_postli_1                      0x08000237   Thumb Code     0  __rtentry2.o(.ARM.Collect$$rtentry$$0000000C)
    __rt_exit                                0x0800023f   Thumb Code     0  rtexit.o(.ARM.Collect$$rtexit$$00000000)
    __rt_exit_ls                             0x08000241   Thumb Code     0  rtexit2.o(.ARM.Collect$$rtexit$$00000003)
    __rt_exit_prels_1                        0x08000241   Thumb Code     0  rtexit2.o(.ARM.Collect$$rtexit$$00000002)
    __rt_exit_exit                           0x08000245   Thumb Code     0  rtexit2.o(.ARM.Collect$$rtexit$$00000004)
    Reset_Handler                            0x0800024d   Thumb Code    18  startup_stm32f427xx.o(.text)
    SVC_Handler                              0x08000269   Thumb Code     2  startup_stm32f427xx.o(.text)
    PendSV_Handler                           0x0800026d   Thumb Code     2  startup_stm32f427xx.o(.text)
    ADC_IRQHandler                           0x08000271   Thumb Code     0  startup_stm32f427xx.o(.text)
    CAN1_RX1_IRQHandler                      0x08000271   Thumb Code     0  startup_stm32f427xx.o(.text)
    CAN1_SCE_IRQHandler                      0x08000271   Thumb Code     0  startup_stm32f427xx.o(.text)
    CAN1_TX_IRQHandler                       0x08000271   Thumb Code     0  startup_stm32f427xx.o(.text)
    CAN2_RX1_IRQHandler                      0x08000271   Thumb Code     0  startup_stm32f427xx.o(.text)
    CAN2_SCE_IRQHandler                      0x08000271   Thumb Code     0  startup_stm32f427xx.o(.text)
    CAN2_TX_IRQHandler                       0x08000271   Thumb Code     0  startup_stm32f427xx.o(.text)
    DCMI_IRQHandler                          0x08000271   Thumb Code     0  startup_stm32f427xx.o(.text)
    DMA1_Stream0_IRQHandler                  0x08000271   Thumb Code     0  startup_stm32f427xx.o(.text)
    DMA1_Stream1_IRQHandler                  0x08000271   Thumb Code     0  startup_stm32f427xx.o(.text)
    DMA1_Stream2_IRQHandler                  0x08000271   Thumb Code     0  startup_stm32f427xx.o(.text)
    DMA1_Stream3_IRQHandler                  0x08000271   Thumb Code     0  startup_stm32f427xx.o(.text)
    DMA1_Stream4_IRQHandler                  0x08000271   Thumb Code     0  startup_stm32f427xx.o(.text)
    DMA1_Stream5_IRQHandler                  0x08000271   Thumb Code     0  startup_stm32f427xx.o(.text)
    DMA1_Stream6_IRQHandler                  0x08000271   Thumb Code     0  startup_stm32f427xx.o(.text)
    DMA1_Stream7_IRQHandler                  0x08000271   Thumb Code     0  startup_stm32f427xx.o(.text)
    DMA2D_IRQHandler                         0x08000271   Thumb Code     0  startup_stm32f427xx.o(.text)
    DMA2_Stream0_IRQHandler                  0x08000271   Thumb Code     0  startup_stm32f427xx.o(.text)
    DMA2_Stream1_IRQHandler                  0x08000271   Thumb Code     0  startup_stm32f427xx.o(.text)
    DMA2_Stream2_IRQHandler                  0x08000271   Thumb Code     0  startup_stm32f427xx.o(.text)
    DMA2_Stream3_IRQHandler                  0x08000271   Thumb Code     0  startup_stm32f427xx.o(.text)
    DMA2_Stream4_IRQHandler                  0x08000271   Thumb Code     0  startup_stm32f427xx.o(.text)
    DMA2_Stream6_IRQHandler                  0x08000271   Thumb Code     0  startup_stm32f427xx.o(.text)
    DMA2_Stream7_IRQHandler                  0x08000271   Thumb Code     0  startup_stm32f427xx.o(.text)
    ETH_IRQHandler                           0x08000271   Thumb Code     0  startup_stm32f427xx.o(.text)
    ETH_WKUP_IRQHandler                      0x08000271   Thumb Code     0  startup_stm32f427xx.o(.text)
    EXTI15_10_IRQHandler                     0x08000271   Thumb Code     0  startup_stm32f427xx.o(.text)
    EXTI2_IRQHandler                         0x08000271   Thumb Code     0  startup_stm32f427xx.o(.text)
    EXTI3_IRQHandler                         0x08000271   Thumb Code     0  startup_stm32f427xx.o(.text)
    EXTI4_IRQHandler                         0x08000271   Thumb Code     0  startup_stm32f427xx.o(.text)
    FLASH_IRQHandler                         0x08000271   Thumb Code     0  startup_stm32f427xx.o(.text)
    FMC_IRQHandler                           0x08000271   Thumb Code     0  startup_stm32f427xx.o(.text)
    FPU_IRQHandler                           0x08000271   Thumb Code     0  startup_stm32f427xx.o(.text)
    HASH_RNG_IRQHandler                      0x08000271   Thumb Code     0  startup_stm32f427xx.o(.text)
    I2C1_ER_IRQHandler                       0x08000271   Thumb Code     0  startup_stm32f427xx.o(.text)
    I2C1_EV_IRQHandler                       0x08000271   Thumb Code     0  startup_stm32f427xx.o(.text)
    I2C2_ER_IRQHandler                       0x08000271   Thumb Code     0  startup_stm32f427xx.o(.text)
    I2C2_EV_IRQHandler                       0x08000271   Thumb Code     0  startup_stm32f427xx.o(.text)
    I2C3_ER_IRQHandler                       0x08000271   Thumb Code     0  startup_stm32f427xx.o(.text)
    I2C3_EV_IRQHandler                       0x08000271   Thumb Code     0  startup_stm32f427xx.o(.text)
    OTG_FS_IRQHandler                        0x08000271   Thumb Code     0  startup_stm32f427xx.o(.text)
    OTG_FS_WKUP_IRQHandler                   0x08000271   Thumb Code     0  startup_stm32f427xx.o(.text)
    OTG_HS_EP1_IN_IRQHandler                 0x08000271   Thumb Code     0  startup_stm32f427xx.o(.text)
    OTG_HS_EP1_OUT_IRQHandler                0x08000271   Thumb Code     0  startup_stm32f427xx.o(.text)
    OTG_HS_IRQHandler                        0x08000271   Thumb Code     0  startup_stm32f427xx.o(.text)
    OTG_HS_WKUP_IRQHandler                   0x08000271   Thumb Code     0  startup_stm32f427xx.o(.text)
    PVD_IRQHandler                           0x08000271   Thumb Code     0  startup_stm32f427xx.o(.text)
    RCC_IRQHandler                           0x08000271   Thumb Code     0  startup_stm32f427xx.o(.text)
    RTC_Alarm_IRQHandler                     0x08000271   Thumb Code     0  startup_stm32f427xx.o(.text)
    RTC_WKUP_IRQHandler                      0x08000271   Thumb Code     0  startup_stm32f427xx.o(.text)
    SAI1_IRQHandler                          0x08000271   Thumb Code     0  startup_stm32f427xx.o(.text)
    SDIO_IRQHandler                          0x08000271   Thumb Code     0  startup_stm32f427xx.o(.text)
    SPI1_IRQHandler                          0x08000271   Thumb Code     0  startup_stm32f427xx.o(.text)
    SPI2_IRQHandler                          0x08000271   Thumb Code     0  startup_stm32f427xx.o(.text)
    SPI3_IRQHandler                          0x08000271   Thumb Code     0  startup_stm32f427xx.o(.text)
    SPI4_IRQHandler                          0x08000271   Thumb Code     0  startup_stm32f427xx.o(.text)
    SPI5_IRQHandler                          0x08000271   Thumb Code     0  startup_stm32f427xx.o(.text)
    SPI6_IRQHandler                          0x08000271   Thumb Code     0  startup_stm32f427xx.o(.text)
    TAMP_STAMP_IRQHandler                    0x08000271   Thumb Code     0  startup_stm32f427xx.o(.text)
    TIM1_BRK_TIM9_IRQHandler                 0x08000271   Thumb Code     0  startup_stm32f427xx.o(.text)
    TIM1_CC_IRQHandler                       0x08000271   Thumb Code     0  startup_stm32f427xx.o(.text)
    TIM1_TRG_COM_TIM11_IRQHandler            0x08000271   Thumb Code     0  startup_stm32f427xx.o(.text)
    TIM1_UP_TIM10_IRQHandler                 0x08000271   Thumb Code     0  startup_stm32f427xx.o(.text)
    TIM2_IRQHandler                          0x08000271   Thumb Code     0  startup_stm32f427xx.o(.text)
    TIM3_IRQHandler                          0x08000271   Thumb Code     0  startup_stm32f427xx.o(.text)
    TIM4_IRQHandler                          0x08000271   Thumb Code     0  startup_stm32f427xx.o(.text)
    TIM5_IRQHandler                          0x08000271   Thumb Code     0  startup_stm32f427xx.o(.text)
    TIM7_IRQHandler                          0x08000271   Thumb Code     0  startup_stm32f427xx.o(.text)
    TIM8_BRK_TIM12_IRQHandler                0x08000271   Thumb Code     0  startup_stm32f427xx.o(.text)
    TIM8_CC_IRQHandler                       0x08000271   Thumb Code     0  startup_stm32f427xx.o(.text)
    TIM8_TRG_COM_TIM14_IRQHandler            0x08000271   Thumb Code     0  startup_stm32f427xx.o(.text)
    TIM8_UP_TIM13_IRQHandler                 0x08000271   Thumb Code     0  startup_stm32f427xx.o(.text)
    UART4_IRQHandler                         0x08000271   Thumb Code     0  startup_stm32f427xx.o(.text)
    UART5_IRQHandler                         0x08000271   Thumb Code     0  startup_stm32f427xx.o(.text)
    USART2_IRQHandler                        0x08000271   Thumb Code     0  startup_stm32f427xx.o(.text)
    USART3_IRQHandler                        0x08000271   Thumb Code     0  startup_stm32f427xx.o(.text)
    WWDG_IRQHandler                          0x08000271   Thumb Code     0  startup_stm32f427xx.o(.text)
    __user_initial_stackheap                 0x08000275   Thumb Code     0  startup_stm32f427xx.o(.text)
    __aeabi_memcpy                           0x08000299   Thumb Code     0  rt_memcpy_v6.o(.text)
    __rt_memcpy                              0x08000299   Thumb Code   138  rt_memcpy_v6.o(.text)
    _memcpy_lastbytes                        0x080002ff   Thumb Code     0  rt_memcpy_v6.o(.text)
    __aeabi_memcpy4                          0x08000323   Thumb Code     0  rt_memcpy_w.o(.text)
    __aeabi_memcpy8                          0x08000323   Thumb Code     0  rt_memcpy_w.o(.text)
    __rt_memcpy_w                            0x08000323   Thumb Code   100  rt_memcpy_w.o(.text)
    _memcpy_lastbytes_aligned                0x0800036b   Thumb Code     0  rt_memcpy_w.o(.text)
    __aeabi_memclr                           0x08000387   Thumb Code     0  rt_memclr.o(.text)
    __rt_memclr                              0x08000387   Thumb Code    68  rt_memclr.o(.text)
    _memset                                  0x0800038b   Thumb Code     0  rt_memclr.o(.text)
    __aeabi_memclr4                          0x080003cb   Thumb Code     0  rt_memclr_w.o(.text)
    __aeabi_memclr8                          0x080003cb   Thumb Code     0  rt_memclr_w.o(.text)
    __rt_memclr_w                            0x080003cb   Thumb Code    78  rt_memclr_w.o(.text)
    _memset_w                                0x080003cf   Thumb Code     0  rt_memclr_w.o(.text)
    __use_two_region_memory                  0x08000419   Thumb Code     2  heapauxi.o(.text)
    __rt_heap_escrow                         0x0800041b   Thumb Code     2  heapauxi.o(.text)
    __rt_heap_expand                         0x0800041d   Thumb Code     2  heapauxi.o(.text)
    __user_libspace                          0x08000421   Thumb Code     8  libspace.o(.text)
    __user_perproc_libspace                  0x08000421   Thumb Code     0  libspace.o(.text)
    __user_perthread_libspace                0x08000421   Thumb Code     0  libspace.o(.text)
    __I$use$semihosting                      0x08000429   Thumb Code     0  use_no_semi.o(.text)
    __use_no_semihosting_swi                 0x08000429   Thumb Code     2  use_no_semi.o(.text)
    __semihosting_library_function           0x0800042b   Thumb Code     0  indicate_semi.o(.text)
    __user_setup_stackheap                   0x0800042b   Thumb Code    74  sys_stackheap_outer.o(.text)
    exit                                     0x08000475   Thumb Code    18  exit.o(.text)
    _sys_exit                                0x08000489   Thumb Code     8  sys_exit.o(.text)
    ANODT_DATA_Setup                         0x080004a9   Thumb Code    10  ano_dt.o(i.ANODT_DATA_Setup)
    ANO_DT_LX_Data_Receive_Prepare           0x080005f1   Thumb Code   258  lx_imu.o(i.ANO_DT_LX_Data_Receive_Prepare)
    ANO_DT_UART7_Configuration               0x08000709   Thumb Code   174  uart7.o(i.ANO_DT_UART7_Configuration)
    BSPInit_CompleteBeep                     0x080007c1   Thumb Code    22  buzzer.o(i.BSPInit_CompleteBeep)
    BSP_init                                 0x080007d9   Thumb Code   148  main.o(i.BSP_init)
    BusFault_Handler                         0x08000871   Thumb Code     4  stm32f4xx_it.o(i.BusFault_Handler)
    CAN1_RX0_IRQHandler                      0x08000875   Thumb Code    38  can_receive.o(i.CAN1_RX0_IRQHandler)
    CAN1_mode_init                           0x080008a5   Thumb Code   264  can.o(i.CAN1_mode_init)
    CAN2_RX0_IRQHandler                      0x080009b5   Thumb Code    38  can_receive.o(i.CAN2_RX0_IRQHandler)
    CAN_CMD_CHASSIS                          0x080009e5   Thumb Code    94  can_receive.o(i.CAN_CMD_CHASSIS)
    CAN_CMD_GIMBAL                           0x08000a49   Thumb Code    68  can_receive.o(i.CAN_CMD_GIMBAL)
    CAN_ClearITPendingBit                    0x08000a95   Thumb Code   162  stm32f4xx_can.o(i.CAN_ClearITPendingBit)
    CAN_FilterInit                           0x08000b3d   Thumb Code   258  stm32f4xx_can.o(i.CAN_FilterInit)
    CAN_GetITStatus                          0x08000c45   Thumb Code   284  stm32f4xx_can.o(i.CAN_GetITStatus)
    CAN_ITConfig                             0x08000d65   Thumb Code    18  stm32f4xx_can.o(i.CAN_ITConfig)
    CAN_Init                                 0x08000d77   Thumb Code   276  stm32f4xx_can.o(i.CAN_Init)
    CAN_Receive                              0x08000e8b   Thumb Code   240  stm32f4xx_can.o(i.CAN_Receive)
    CAN_Transmit                             0x08000f7b   Thumb Code   294  stm32f4xx_can.o(i.CAN_Transmit)
    DMA2_Stream5_IRQHandler                  0x080012a1   Thumb Code    26  ins_task.o(i.DMA2_Stream5_IRQHandler)
    DMA_ClearFlag                            0x080012c5   Thumb Code    38  stm32f4xx_dma.o(i.DMA_ClearFlag)
    DMA_Cmd                                  0x080012f9   Thumb Code    22  stm32f4xx_dma.o(i.DMA_Cmd)
    DMA_DeInit                               0x08001311   Thumb Code   324  stm32f4xx_dma.o(i.DMA_DeInit)
    DMA_DoubleBufferModeCmd                  0x08001469   Thumb Code    22  stm32f4xx_dma.o(i.DMA_DoubleBufferModeCmd)
    DMA_DoubleBufferModeConfig               0x0800147f   Thumb Code    24  stm32f4xx_dma.o(i.DMA_DoubleBufferModeConfig)
    DMA_GetCmdStatus                         0x08001497   Thumb Code    20  stm32f4xx_dma.o(i.DMA_GetCmdStatus)
    DMA_GetCurrDataCounter                   0x080014ab   Thumb Code     8  stm32f4xx_dma.o(i.DMA_GetCurrDataCounter)
    DMA_GetCurrentMemoryTarget               0x080014b3   Thumb Code    20  stm32f4xx_dma.o(i.DMA_GetCurrentMemoryTarget)
    DMA_GetFlagStatus                        0x080014c9   Thumb Code    54  stm32f4xx_dma.o(i.DMA_GetFlagStatus)
    DMA_Init                                 0x0800150d   Thumb Code    82  stm32f4xx_dma.o(i.DMA_Init)
    DMA_SetCurrDataCounter                   0x08001565   Thumb Code     4  stm32f4xx_dma.o(i.DMA_SetCurrDataCounter)
    DebugMon_Handler                         0x08001569   Thumb Code     2  stm32f4xx_it.o(i.DebugMon_Handler)
    DetectHook                               0x0800156d   Thumb Code   286  detect_task.o(i.DetectHook)
    EXTI0_IRQHandler                         0x08001695   Thumb Code    22  exit_init.o(i.EXTI0_IRQHandler)
    EXTI1_IRQHandler                         0x080016ab   Thumb Code    22  exit_init.o(i.EXTI1_IRQHandler)
    EXTI9_5_IRQHandler                       0x080016c1   Thumb Code    32  ins_task.o(i.EXTI9_5_IRQHandler)
    EXTI_ClearITPendingBit                   0x080016e1   Thumb Code     6  stm32f4xx_exti.o(i.EXTI_ClearITPendingBit)
    EXTI_GetITStatus                         0x080016ed   Thumb Code    20  stm32f4xx_exti.o(i.EXTI_GetITStatus)
    EXTI_Init                                0x08001705   Thumb Code   142  stm32f4xx_exti.o(i.EXTI_Init)
    GM6020_PWM_configuration                 0x08001799   Thumb Code   262  gm6020_pwm.o(i.GM6020_PWM_configuration)
    GPIOF_Exti0_GPIO_Init                    0x080018a9   Thumb Code   126  exit_init.o(i.GPIOF_Exti0_GPIO_Init)
    GPIOF_Exti1_GPIO_Init                    0x0800192d   Thumb Code   126  exit_init.o(i.GPIOF_Exti1_GPIO_Init)
    GPIO_Init                                0x080019b1   Thumb Code   144  stm32f4xx_gpio.o(i.GPIO_Init)
    GPIO_PinAFConfig                         0x08001a41   Thumb Code    70  stm32f4xx_gpio.o(i.GPIO_PinAFConfig)
    GPIO_ResetBits                           0x08001a87   Thumb Code     4  stm32f4xx_gpio.o(i.GPIO_ResetBits)
    GPIO_SetBits                             0x08001a8b   Thumb Code     4  stm32f4xx_gpio.o(i.GPIO_SetBits)
    GPIO_ToggleBits                          0x08001a8f   Thumb Code     8  stm32f4xx_gpio.o(i.GPIO_ToggleBits)
    GetSysTime_us                            0x08001a99   Thumb Code    58  delay.o(i.GetSysTime_us)
    HardFault_Handler                        0x08001ad9   Thumb Code     4  stm32f4xx_it.o(i.HardFault_Handler)
    LX_ANO_DT_Init                           0x08001add   Thumb Code   166  lx_imu.o(i.LX_ANO_DT_Init)
    LX_IMU_UART8_Configuration               0x08001b89   Thumb Code   172  uart8.o(i.LX_IMU_UART8_Configuration)
    MemManage_Handler                        0x08001c97   Thumb Code     4  stm32f4xx_it.o(i.MemManage_Handler)
    NMI_Handler                              0x08001c9b   Thumb Code     2  stm32f4xx_it.o(i.NMI_Handler)
    NVIC_Init                                0x08001c9d   Thumb Code   106  misc.o(i.NVIC_Init)
    NVIC_PriorityGroupConfig                 0x08001d15   Thumb Code    10  misc.o(i.NVIC_PriorityGroupConfig)
    PID_Calc                                 0x08001d29   Thumb Code   492  pid.o(i.PID_Calc)
    PID_Init                                 0x08001f19   Thumb Code    92  pid.o(i.PID_Init)
    RCC_AHB1PeriphClockCmd                   0x08001f79   Thumb Code    26  stm32f4xx_rcc.o(i.RCC_AHB1PeriphClockCmd)
    RCC_APB1PeriphClockCmd                   0x08001f99   Thumb Code    26  stm32f4xx_rcc.o(i.RCC_APB1PeriphClockCmd)
    RCC_APB1PeriphResetCmd                   0x08001fb9   Thumb Code    26  stm32f4xx_rcc.o(i.RCC_APB1PeriphResetCmd)
    RCC_APB2PeriphClockCmd                   0x08001fd9   Thumb Code    26  stm32f4xx_rcc.o(i.RCC_APB2PeriphClockCmd)
    RCC_APB2PeriphResetCmd                   0x08001ff9   Thumb Code    26  stm32f4xx_rcc.o(i.RCC_APB2PeriphResetCmd)
    RCC_GetClocksFreq                        0x08002019   Thumb Code   214  stm32f4xx_rcc.o(i.RCC_GetClocksFreq)
    RC_Init                                  0x08002101   Thumb Code   312  rc.o(i.RC_Init)
    Referee_Task_Init                        0x0800224d   Thumb Code    34  referee_usart_task.o(i.Referee_Task_Init)
    SPI5_DMA_Enable                          0x08002359   Thumb Code   104  spi.o(i.SPI5_DMA_Enable)
    SYSCFG_EXTILineConfig                    0x080023cd   Thumb Code    60  stm32f4xx_syscfg.o(i.SYSCFG_EXTILineConfig)
    Scheduler_Run                            0x0800240d   Thumb Code    76  start_task.o(i.Scheduler_Run)
    Scheduler_Setup                          0x0800245d   Thumb Code    76  start_task.o(i.Scheduler_Setup)
    SysTick_CLKSourceConfig                  0x080025cd   Thumb Code    40  misc.o(i.SysTick_CLKSourceConfig)
    SysTick_GetTick                          0x080025f5   Thumb Code     6  delay.o(i.SysTick_GetTick)
    SysTick_Handler                          0x08002601   Thumb Code    22  delay.o(i.SysTick_Handler)
    SystemInit                               0x0800261d   Thumb Code    88  system_stm32f4xx.o(i.SystemInit)
    TIM6_DAC_IRQHandler                      0x08002685   Thumb Code    30  can_receive.o(i.TIM6_DAC_IRQHandler)
    TIM_ARRPreloadConfig                     0x080026a9   Thumb Code    24  stm32f4xx_tim.o(i.TIM_ARRPreloadConfig)
    TIM_ClearFlag                            0x080026c1   Thumb Code     6  stm32f4xx_tim.o(i.TIM_ClearFlag)
    TIM_Cmd                                  0x080026c7   Thumb Code    24  stm32f4xx_tim.o(i.TIM_Cmd)
    TIM_CtrlPWMOutputs                       0x080026df   Thumb Code    30  stm32f4xx_tim.o(i.TIM_CtrlPWMOutputs)
    TIM_GetITStatus                          0x080026fd   Thumb Code    34  stm32f4xx_tim.o(i.TIM_GetITStatus)
    TIM_OC1Init                              0x08002721   Thumb Code   114  stm32f4xx_tim.o(i.TIM_OC1Init)
    TIM_OC1PreloadConfig                     0x0800279d   Thumb Code    18  stm32f4xx_tim.o(i.TIM_OC1PreloadConfig)
    TIM_OC2Init                              0x080027b1   Thumb Code   154  stm32f4xx_tim.o(i.TIM_OC2Init)
    TIM_OC2PreloadConfig                     0x08002855   Thumb Code    26  stm32f4xx_tim.o(i.TIM_OC2PreloadConfig)
    TIM_OC3Init                              0x08002871   Thumb Code   150  stm32f4xx_tim.o(i.TIM_OC3Init)
    TIM_OC3PreloadConfig                     0x08002911   Thumb Code    18  stm32f4xx_tim.o(i.TIM_OC3PreloadConfig)
    TIM_OC4Init                              0x08002925   Thumb Code   112  stm32f4xx_tim.o(i.TIM_OC4Init)
    TIM_OC4PreloadConfig                     0x0800299d   Thumb Code    26  stm32f4xx_tim.o(i.TIM_OC4PreloadConfig)
    TIM_SetCompare1                          0x080029b7   Thumb Code     4  stm32f4xx_tim.o(i.TIM_SetCompare1)
    TIM_TimeBaseInit                         0x080029bd   Thumb Code   104  stm32f4xx_tim.o(i.TIM_TimeBaseInit)
    UART7_IRQHandler                         0x08002a41   Thumb Code     8  uart7.o(i.UART7_IRQHandler)
    UART8_IRQHandler                         0x08002a49   Thumb Code    64  uart8.o(i.UART8_IRQHandler)
    USART1_IRQHandler                        0x08002a91   Thumb Code   216  remote_control.o(i.USART1_IRQHandler)
    USART6_DMA_Init                          0x08002b81   Thumb Code   324  usart6.o(i.USART6_DMA_Init)
    USART6_IRQHandler                        0x08002cd1   Thumb Code   198  referee_usart_task.o(i.USART6_IRQHandler)
    USART_ClearFlag                          0x08002db5   Thumb Code    18  stm32f4xx_usart.o(i.USART_ClearFlag)
    USART_ClearITPendingBit                  0x08002dc7   Thumb Code    30  stm32f4xx_usart.o(i.USART_ClearITPendingBit)
    USART_Cmd                                0x08002de5   Thumb Code    24  stm32f4xx_usart.o(i.USART_Cmd)
    USART_DMACmd                             0x08002dfd   Thumb Code    18  stm32f4xx_usart.o(i.USART_DMACmd)
    USART_DeInit                             0x08002e11   Thumb Code   206  stm32f4xx_usart.o(i.USART_DeInit)
    USART_GetFlagStatus                      0x08002f01   Thumb Code    26  stm32f4xx_usart.o(i.USART_GetFlagStatus)
    USART_GetITStatus                        0x08002f1b   Thumb Code    84  stm32f4xx_usart.o(i.USART_GetITStatus)
    USART_ITConfig                           0x08002f6f   Thumb Code    74  stm32f4xx_usart.o(i.USART_ITConfig)
    USART_Init                               0x08002fb9   Thumb Code   204  stm32f4xx_usart.o(i.USART_Init)
    USART_ReceiveData                        0x0800308d   Thumb Code    10  stm32f4xx_usart.o(i.USART_ReceiveData)
    USART_SendData                           0x08003097   Thumb Code     8  stm32f4xx_usart.o(i.USART_SendData)
    Uart7_IRQ                                0x080030a1   Thumb Code   112  uart7.o(i.Uart7_IRQ)
    UsageFault_Handler                       0x08003121   Thumb Code     4  stm32f4xx_it.o(i.UsageFault_Handler)
    Usart_SendByte                           0x08003125   Thumb Code    30  uart8.o(i.Usart_SendByte)
    buzzer_init                              0x08003151   Thumb Code   174  buzzer.o(i.buzzer_init)
    buzzer_off                               0x08003209   Thumb Code    12  buzzer.o(i.buzzer_off)
    buzzer_on                                0x08003219   Thumb Code    22  buzzer.o(i.buzzer_on)
    chassis_Setup                            0x08003235   Thumb Code    10  chassis_task.o(i.chassis_Setup)
    chassis_task                             0x08003579   Thumb Code   104  chassis_task.o(i.chassis_task)
    delay_init                               0x080035e5   Thumb Code    90  delay.o(i.delay_init)
    delay_ms                                 0x08003651   Thumb Code    76  delay.o(i.delay_ms)
    delay_us                                 0x080036a1   Thumb Code    76  delay.o(i.delay_us)
    fifo_s_init                              0x080036f1   Thumb Code    22  fifo.o(i.fifo_s_init)
    fifo_s_puts                              0x08003707   Thumb Code   160  fifo.o(i.fifo_s_puts)
    first_order_filter_init                  0x080037a9   Thumb Code    32  user_lib.o(i.first_order_filter_init)
    flow_led_Combo1                          0x080037cd   Thumb Code    58  led.o(i.flow_led_Combo1)
    flow_led_off                             0x08003811   Thumb Code    20  led.o(i.flow_led_off)
    flow_led_toggle                          0x08003829   Thumb Code    20  led.o(i.flow_led_toggle)
    fric_PWM_configuration                   0x08003841   Thumb Code   248  fric.o(i.fric_PWM_configuration)
    get_Chassis_Motor_Measure_Point          0x08003941   Thumb Code    18  can_receive.o(i.get_Chassis_Motor_Measure_Point)
    get_INS_angle_point                      0x08003959   Thumb Code     4  ins_task.o(i.get_INS_angle_point)
    get_Shoot_Motor_Measure_Point            0x08003961   Thumb Code     4  can_receive.o(i.get_Shoot_Motor_Measure_Point)
    get_SuperPowerMcu_Msg_Point              0x08003969   Thumb Code     4  can_receive.o(i.get_SuperPowerMcu_Msg_Point)
    get_pitch_motor_point                    0x08003971   Thumb Code     4  gimbal_task.o(i.get_pitch_motor_point)
    get_power_heat_data_Point                0x08003979   Thumb Code     4  referee_api.o(i.get_power_heat_data_Point)
    get_remote_control_point                 0x08003981   Thumb Code     4  remote_control.o(i.get_remote_control_point)
    get_robot_state_data_Point               0x08003989   Thumb Code     4  referee_api.o(i.get_robot_state_data_Point)
    get_yaw_motor_point                      0x08003991   Thumb Code     4  gimbal_task.o(i.get_yaw_motor_point)
    laser_configuration                      0x08003a51   Thumb Code    54  laser.o(i.laser_configuration)
    laser_on                                 0x08003a8d   Thumb Code    14  laser.o(i.laser_on)
    led_configuration                        0x08003aa1   Thumb Code   104  led.o(i.led_configuration)
    led_green_on                             0x08003b15   Thumb Code    14  led.o(i.led_green_on)
    led_red_on                               0x08003b29   Thumb Code    14  led.o(i.led_red_on)
    loop_fp32_constrain                      0x08003b3d   Thumb Code    96  user_lib.o(i.loop_fp32_constrain)
    main                                     0x08003b9d   Thumb Code    22  main.o(i.main)
    mpu6500_SPI_NS_H                         0x08003bb5   Thumb Code    12  mpu6500driver_middleware.o(i.mpu6500_SPI_NS_H)
    mpu6500_SPI_NS_L                         0x08003bc5   Thumb Code    12  mpu6500driver_middleware.o(i.mpu6500_SPI_NS_L)
    power_ctrl_configuration                 0x08003bd5   Thumb Code    66  power_ctrl.o(i.power_ctrl_configuration)
    power_ctrl_off                           0x08003c1d   Thumb Code    26  power_ctrl.o(i.power_ctrl_off)
    power_ctrl_on                            0x08003c3d   Thumb Code    26  power_ctrl.o(i.power_ctrl_on)
    remote_control_init                      0x08003c5d   Thumb Code    16  remote_control.o(i.remote_control_init)
    shoot_setup                              0x08003cad   Thumb Code    10  gimbal_task.o(i.shoot_setup)
    shoot_task                               0x08003cbd   Thumb Code   238  gimbal_task.o(i.shoot_task)
    sys_time                                 0x08003dcd   Thumb Code    12  delay.o(i.sys_time)
    trigger_switch_in_PushWheel_detected     0x08003ddd   Thumb Code     8  trigger_switch.o(i.trigger_switch_in_PushWheel_detected)
    trigger_switch_in_ShootWheel_detected    0x08003de9   Thumb Code     8  trigger_switch.o(i.trigger_switch_in_ShootWheel_detected)
    _fp_init                                 0x08003df5   Thumb Code    10  fpinit.o(x$fpl$fpinit)
    __fplib_config_fpu_vfp                   0x08003dfd   Thumb Code     0  fpinit.o(x$fpl$fpinit)
    __fplib_config_pureend_doubles           0x08003dfd   Thumb Code     0  fpinit.o(x$fpl$fpinit)
    Region$$Table$$Base                      0x08003e50   Number         0  anon$$obj.o(Region$$Table)
    Region$$Table$$Limit                     0x08003e70   Number         0  anon$$obj.o(Region$$Table)
    SystemCoreClock                          0x20000000   Data           4  system_stm32f4xx.o(.data)
    AHBPrescTable                            0x20000004   Data          16  system_stm32f4xx.o(.data)
    systime_ms                               0x2000002c   Data           4  delay.o(.data)
    sysTickUptime                            0x20000030   Data           4  delay.o(.data)
    TxCounter                                0x20000036   Data           1  uart7.o(.data)
    count                                    0x20000037   Data           1  uart7.o(.data)
    super_power_mcu_msg                      0x20000038   Data           8  can_receive.o(.data)
    Yaw_Can_Set_Current                      0x20000044   Data           2  gimbal_task.o(.data)
    Pitch_Can_Set_Current                    0x20000046   Data           2  gimbal_task.o(.data)
    Shoot_Can_Set_Current                    0x20000048   Data           2  gimbal_task.o(.data)
    chous7                                   0x2000004a   Data           1  gimbal_task.o(.data)
    game_state                               0x200000b8   Data           3  referee_usart_task.o(.data)
    game_result                              0x200000bb   Data           1  referee_usart_task.o(.data)
    field_event                              0x200000bc   Data           4  referee_usart_task.o(.data)
    supply_projectile_action_t               0x200000c0   Data           4  referee_usart_task.o(.data)
    supply_projectile_booking_t              0x200000c4   Data           3  referee_usart_task.o(.data)
    referee_warning_t                        0x200000c7   Data           2  referee_usart_task.o(.data)
    buff_musk_t                              0x200000c9   Data           1  referee_usart_task.o(.data)
    robot_energy_t                           0x200000ca   Data           2  referee_usart_task.o(.data)
    robot_hurt_t                             0x200000cc   Data           1  referee_usart_task.o(.data)
    shoot_data_t                             0x200000cd   Data           6  referee_usart_task.o(.data)
    bullet_remaining_t                       0x200000d3   Data           1  referee_usart_task.o(.data)
    FrameHeader                              0x200000d4   Data           5  referee_usart_task.o(.data)
    Judge_Self_ID                            0x200000d9   Data           1  referee_usart_task.o(.data)
    Judge_SelfClient_ID                      0x200000da   Data           2  referee_usart_task.o(.data)
    judge                                    0x200000dc   Data           4  referee_usart_task.o(.data)
    referee_receive_header                   0x200000e0   Data           5  referee_usart_task.o(.data)
    referee_send_header                      0x200000e5   Data           5  referee_usart_task.o(.data)
    yaw                                      0x200000ec   Data           4  lx_imu.o(.data)
    SHOCK_STA                                0x200000f0   Data           1  lx_imu.o(.data)
    trigger_switch_in_PushWheel              0x200000f5   Data           1  trigger_switch.o(.data)
    trigger_switch_in_ShootWheel             0x200000f6   Data           1  trigger_switch.o(.data)
    checkdata_to_send                        0x200000f8   Data           1  ano_dt.o(.data)
    checksum_to_send                         0x200000f9   Data           1  ano_dt.o(.data)
    robot_status_dt_dataset                  0x200000fc   Data           8  ano_dt.o(.data)
    TxBuffer                                 0x20000104   Data         256  uart7.o(.bss)
    Rx_Buf                                   0x20000204   Data         256  uart7.o(.bss)
    motor_yaw                                0x20000304   Data          10  can_receive.o(.bss)
    motor_pit                                0x2000030e   Data          10  can_receive.o(.bss)
    motor_push                               0x20000318   Data          10  can_receive.o(.bss)
    motor_shoot                              0x20000322   Data          10  can_receive.o(.bss)
    motor_chassis                            0x2000032c   Data          40  can_receive.o(.bss)
    chassis_move                             0x20000390   Data         568  chassis_task.o(.bss)
    gimbal_control                           0x2000070c   Data         488  gimbal_task.o(.bss)
    shoot_t                                  0x200008f4   Data         108  gimbal_task.o(.bss)
    shoot_pid                                0x20000960   Data          72  gimbal_task.o(.bss)
    mpu6500_spi_rxbuf                        0x200009a8   Data          23  ins_task.o(.bss)
    mpu6500_real_data                        0x200009c0   Data          32  ins_task.o(.bss)
    gyro_cali_offset                         0x200009e0   Data          12  ins_task.o(.bss)
    Gyro_Offset                              0x200009ec   Data          12  ins_task.o(.bss)
    Mag_Offset                               0x20000a14   Data          12  ins_task.o(.bss)
    INS_gyro                                 0x20000a20   Data          12  ins_task.o(.bss)
    INS_Angle                                0x20000a44   Data          12  ins_task.o(.bss)
    filter_buf                               0x20000aa8   Data          52  ins_task.o(.bss)
    rc_ctrl                                  0x20000b00   Data          22  remote_control.o(.bss)
    SBUS_rx_buf                              0x20000b16   Data          72  remote_control.o(.bss)
    test_dT_1000hz                           0x20000b60   Data          12  start_task.o(.bss)
    test_rT                                  0x20000b6c   Data          24  start_task.o(.bss)
    usart6_buf                               0x20000b84   Data        1024  referee_usart_task.o(.bss)
    referee_fifo                             0x20000f84   Data          24  referee_usart_task.o(.bss)
    referee_fifo_buf                         0x20000f9c   Data        1024  referee_usart_task.o(.bss)
    game_robot_HP_t                          0x2000139c   Data          28  referee_usart_task.o(.bss)
    robot_state                              0x200013b8   Data          15  referee_usart_task.o(.bss)
    power_heat_data_t                        0x200013c7   Data          14  referee_usart_task.o(.bss)
    game_robot_pos_t                         0x200013d5   Data          16  referee_usart_task.o(.bss)
    student_interactive_data_t               0x200013e5   Data          12  referee_usart_task.o(.bss)
    referee_unpack_obj                       0x200013f1   Data         137  referee_usart_task.o(.bss)
    send_buffer                              0x2000147c   Data          50  lx_imu.o(.bss)
    Gyro                                     0x200014b0   Data          12  lx_imu.o(.bss)
    Angle                                    0x200014bc   Data          12  lx_imu.o(.bss)
    dt                                       0x200014c8   Data        1564  lx_imu.o(.bss)
    __libspace_start                         0x20001be4   Data          96  libspace.o(.bss)
    __temporary_stack_top$libspace           0x20001c44   Data           0  libspace.o(.bss)



==============================================================================

Memory Map of the image

  Image Entry point : 0x080001ad

  Load Region LR_IROM1 (Base: 0x08000000, Size: 0x00003f74, Max: 0x00200000, ABSOLUTE)

    Execution Region ER_IROM1 (Exec base: 0x08000000, Load base: 0x08000000, Size: 0x00003e70, Max: 0x00200000, ABSOLUTE)

    Exec Addr    Load Addr    Size         Type   Attr      Idx    E Section Name        Object

    0x08000000   0x08000000   0x000001ac   Data   RO            3    RESET               startup_stm32f427xx.o
    0x080001ac   0x080001ac   0x00000008   Code   RO         8920  * !!!main             c_w.l(__main.o)
    0x080001b4   0x080001b4   0x00000034   Code   RO         9268    !!!scatter          c_w.l(__scatter.o)
    0x080001e8   0x080001e8   0x0000001a   Code   RO         9270    !!handler_copy      c_w.l(__scatter_copy.o)
    0x08000202   0x08000202   0x00000002   PAD
    0x08000204   0x08000204   0x0000001c   Code   RO         9272    !!handler_zi        c_w.l(__scatter_zi.o)
    0x08000220   0x08000220   0x00000002   Code   RO         9207    .ARM.Collect$$libinit$$00000000  c_w.l(libinit.o)
    0x08000222   0x08000222   0x00000004   Code   RO         9028    .ARM.Collect$$libinit$$00000001  c_w.l(libinit2.o)
    0x08000226   0x08000226   0x00000000   Code   RO         9031    .ARM.Collect$$libinit$$00000004  c_w.l(libinit2.o)
    0x08000226   0x08000226   0x00000000   Code   RO         9034    .ARM.Collect$$libinit$$0000000A  c_w.l(libinit2.o)
    0x08000226   0x08000226   0x00000000   Code   RO         9036    .ARM.Collect$$libinit$$0000000C  c_w.l(libinit2.o)
    0x08000226   0x08000226   0x00000000   Code   RO         9038    .ARM.Collect$$libinit$$0000000E  c_w.l(libinit2.o)
    0x08000226   0x08000226   0x00000000   Code   RO         9041    .ARM.Collect$$libinit$$00000011  c_w.l(libinit2.o)
    0x08000226   0x08000226   0x00000000   Code   RO         9043    .ARM.Collect$$libinit$$00000013  c_w.l(libinit2.o)
    0x08000226   0x08000226   0x00000000   Code   RO         9045    .ARM.Collect$$libinit$$00000015  c_w.l(libinit2.o)
    0x08000226   0x08000226   0x00000000   Code   RO         9047    .ARM.Collect$$libinit$$00000017  c_w.l(libinit2.o)
    0x08000226   0x08000226   0x00000000   Code   RO         9049    .ARM.Collect$$libinit$$00000019  c_w.l(libinit2.o)
    0x08000226   0x08000226   0x00000000   Code   RO         9051    .ARM.Collect$$libinit$$0000001B  c_w.l(libinit2.o)
    0x08000226   0x08000226   0x00000000   Code   RO         9053    .ARM.Collect$$libinit$$0000001D  c_w.l(libinit2.o)
    0x08000226   0x08000226   0x00000000   Code   RO         9055    .ARM.Collect$$libinit$$0000001F  c_w.l(libinit2.o)
    0x08000226   0x08000226   0x00000000   Code   RO         9057    .ARM.Collect$$libinit$$00000021  c_w.l(libinit2.o)
    0x08000226   0x08000226   0x00000000   Code   RO         9059    .ARM.Collect$$libinit$$00000023  c_w.l(libinit2.o)
    0x08000226   0x08000226   0x00000000   Code   RO         9061    .ARM.Collect$$libinit$$00000025  c_w.l(libinit2.o)
    0x08000226   0x08000226   0x00000000   Code   RO         9065    .ARM.Collect$$libinit$$0000002C  c_w.l(libinit2.o)
    0x08000226   0x08000226   0x00000000   Code   RO         9067    .ARM.Collect$$libinit$$0000002E  c_w.l(libinit2.o)
    0x08000226   0x08000226   0x00000000   Code   RO         9069    .ARM.Collect$$libinit$$00000030  c_w.l(libinit2.o)
    0x08000226   0x08000226   0x00000000   Code   RO         9071    .ARM.Collect$$libinit$$00000032  c_w.l(libinit2.o)
    0x08000226   0x08000226   0x00000002   Code   RO         9072    .ARM.Collect$$libinit$$00000033  c_w.l(libinit2.o)
    0x08000228   0x08000228   0x00000002   Code   RO         9265    .ARM.Collect$$libshutdown$$00000000  c_w.l(libshutdown.o)
    0x0800022a   0x0800022a   0x00000000   Code   RO         9223    .ARM.Collect$$libshutdown$$00000002  c_w.l(libshutdown2.o)
    0x0800022a   0x0800022a   0x00000000   Code   RO         9225    .ARM.Collect$$libshutdown$$00000004  c_w.l(libshutdown2.o)
    0x0800022a   0x0800022a   0x00000000   Code   RO         9228    .ARM.Collect$$libshutdown$$00000007  c_w.l(libshutdown2.o)
    0x0800022a   0x0800022a   0x00000000   Code   RO         9231    .ARM.Collect$$libshutdown$$0000000A  c_w.l(libshutdown2.o)
    0x0800022a   0x0800022a   0x00000000   Code   RO         9233    .ARM.Collect$$libshutdown$$0000000C  c_w.l(libshutdown2.o)
    0x0800022a   0x0800022a   0x00000000   Code   RO         9236    .ARM.Collect$$libshutdown$$0000000F  c_w.l(libshutdown2.o)
    0x0800022a   0x0800022a   0x00000002   Code   RO         9237    .ARM.Collect$$libshutdown$$00000010  c_w.l(libshutdown2.o)
    0x0800022c   0x0800022c   0x00000000   Code   RO         8998    .ARM.Collect$$rtentry$$00000000  c_w.l(__rtentry.o)
    0x0800022c   0x0800022c   0x00000000   Code   RO         9137    .ARM.Collect$$rtentry$$00000002  c_w.l(__rtentry2.o)
    0x0800022c   0x0800022c   0x00000006   Code   RO         9149    .ARM.Collect$$rtentry$$00000004  c_w.l(__rtentry4.o)
    0x08000232   0x08000232   0x00000000   Code   RO         9139    .ARM.Collect$$rtentry$$00000009  c_w.l(__rtentry2.o)
    0x08000232   0x08000232   0x00000004   Code   RO         9140    .ARM.Collect$$rtentry$$0000000A  c_w.l(__rtentry2.o)
    0x08000236   0x08000236   0x00000000   Code   RO         9142    .ARM.Collect$$rtentry$$0000000C  c_w.l(__rtentry2.o)
    0x08000236   0x08000236   0x00000008   Code   RO         9143    .ARM.Collect$$rtentry$$0000000D  c_w.l(__rtentry2.o)
    0x0800023e   0x0800023e   0x00000002   Code   RO         9210    .ARM.Collect$$rtexit$$00000000  c_w.l(rtexit.o)
    0x08000240   0x08000240   0x00000000   Code   RO         9241    .ARM.Collect$$rtexit$$00000002  c_w.l(rtexit2.o)
    0x08000240   0x08000240   0x00000004   Code   RO         9242    .ARM.Collect$$rtexit$$00000003  c_w.l(rtexit2.o)
    0x08000244   0x08000244   0x00000006   Code   RO         9243    .ARM.Collect$$rtexit$$00000004  c_w.l(rtexit2.o)
    0x0800024a   0x0800024a   0x00000002   PAD
    0x0800024c   0x0800024c   0x0000004c   Code   RO            4    .text               startup_stm32f427xx.o
    0x08000298   0x08000298   0x0000008a   Code   RO         8910    .text               c_w.l(rt_memcpy_v6.o)
    0x08000322   0x08000322   0x00000064   Code   RO         8912    .text               c_w.l(rt_memcpy_w.o)
    0x08000386   0x08000386   0x00000044   Code   RO         8914    .text               c_w.l(rt_memclr.o)
    0x080003ca   0x080003ca   0x0000004e   Code   RO         8916    .text               c_w.l(rt_memclr_w.o)
    0x08000418   0x08000418   0x00000006   Code   RO         8918    .text               c_w.l(heapauxi.o)
    0x0800041e   0x0800041e   0x00000002   PAD
    0x08000420   0x08000420   0x00000008   Code   RO         9133    .text               c_w.l(libspace.o)
    0x08000428   0x08000428   0x00000002   Code   RO         9179    .text               c_w.l(use_no_semi.o)
    0x0800042a   0x0800042a   0x00000000   Code   RO         9181    .text               c_w.l(indicate_semi.o)
    0x0800042a   0x0800042a   0x0000004a   Code   RO         9182    .text               c_w.l(sys_stackheap_outer.o)
    0x08000474   0x08000474   0x00000012   Code   RO         9188    .text               c_w.l(exit.o)
    0x08000486   0x08000486   0x00000002   PAD
    0x08000488   0x08000488   0x0000000c   Code   RO         9208    .text               c_w.l(sys_exit.o)
    0x08000494   0x08000494   0x00000012   Code   RO         8549    i.ANODT_DATA_Init   ano_dt.o
    0x080004a6   0x080004a6   0x00000002   PAD
    0x080004a8   0x080004a8   0x00000010   Code   RO         8550    i.ANODT_DATA_Setup  ano_dt.o
    0x080004b8   0x080004b8   0x00000138   Code   RO         8384    i.ANO_DT_LX_Data_Receive_Anl  lx_imu.o
    0x080005f0   0x080005f0   0x00000118   Code   RO         8385    i.ANO_DT_LX_Data_Receive_Prepare  lx_imu.o
    0x08000708   0x08000708   0x000000b8   Code   RO         6845    i.ANO_DT_UART7_Configuration  uart7.o
    0x080007c0   0x080007c0   0x00000016   Code   RO         6040    i.BSPInit_CompleteBeep  buzzer.o
    0x080007d6   0x080007d6   0x00000002   PAD
    0x080007d8   0x080007d8   0x00000098   Code   RO         5852    i.BSP_init          main.o
    0x08000870   0x08000870   0x00000004   Code   RO           13    i.BusFault_Handler  stm32f4xx_it.o
    0x08000874   0x08000874   0x00000030   Code   RO         6991    i.CAN1_RX0_IRQHandler  can_receive.o
    0x080008a4   0x080008a4   0x00000110   Code   RO         6091    i.CAN1_mode_init    can.o
    0x080009b4   0x080009b4   0x00000030   Code   RO         6992    i.CAN2_RX0_IRQHandler  can_receive.o
    0x080009e4   0x080009e4   0x00000064   Code   RO         6993    i.CAN_CMD_CHASSIS   can_receive.o
    0x08000a48   0x08000a48   0x0000004c   Code   RO         6995    i.CAN_CMD_GIMBAL    can_receive.o
    0x08000a94   0x08000a94   0x000000a8   Code   RO          527    i.CAN_ClearITPendingBit  stm32f4xx_can.o
    0x08000b3c   0x08000b3c   0x00000108   Code   RO          531    i.CAN_FilterInit    stm32f4xx_can.o
    0x08000c44   0x08000c44   0x00000120   Code   RO          533    i.CAN_GetITStatus   stm32f4xx_can.o
    0x08000d64   0x08000d64   0x00000012   Code   RO          537    i.CAN_ITConfig      stm32f4xx_can.o
    0x08000d76   0x08000d76   0x00000114   Code   RO          538    i.CAN_Init          stm32f4xx_can.o
    0x08000e8a   0x08000e8a   0x000000f0   Code   RO          541    i.CAN_Receive       stm32f4xx_can.o
    0x08000f7a   0x08000f7a   0x00000126   Code   RO          546    i.CAN_Transmit      stm32f4xx_can.o
    0x080010a0   0x080010a0   0x000001ec   Code   RO         6996    i.CAN_hook          can_receive.o
    0x0800128c   0x0800128c   0x00000012   Code   RO          549    i.CheckITStatus     stm32f4xx_can.o
    0x0800129e   0x0800129e   0x00000002   PAD
    0x080012a0   0x080012a0   0x00000024   Code   RO         7572    i.DMA2_Stream5_IRQHandler  ins_task.o
    0x080012c4   0x080012c4   0x00000034   Code   RO         1304    i.DMA_ClearFlag     stm32f4xx_dma.o
    0x080012f8   0x080012f8   0x00000016   Code   RO         1306    i.DMA_Cmd           stm32f4xx_dma.o
    0x0800130e   0x0800130e   0x00000002   PAD
    0x08001310   0x08001310   0x00000158   Code   RO         1307    i.DMA_DeInit        stm32f4xx_dma.o
    0x08001468   0x08001468   0x00000016   Code   RO         1308    i.DMA_DoubleBufferModeCmd  stm32f4xx_dma.o
    0x0800147e   0x0800147e   0x00000018   Code   RO         1309    i.DMA_DoubleBufferModeConfig  stm32f4xx_dma.o
    0x08001496   0x08001496   0x00000014   Code   RO         1311    i.DMA_GetCmdStatus  stm32f4xx_dma.o
    0x080014aa   0x080014aa   0x00000008   Code   RO         1312    i.DMA_GetCurrDataCounter  stm32f4xx_dma.o
    0x080014b2   0x080014b2   0x00000014   Code   RO         1313    i.DMA_GetCurrentMemoryTarget  stm32f4xx_dma.o
    0x080014c6   0x080014c6   0x00000002   PAD
    0x080014c8   0x080014c8   0x00000044   Code   RO         1315    i.DMA_GetFlagStatus  stm32f4xx_dma.o
    0x0800150c   0x0800150c   0x00000058   Code   RO         1318    i.DMA_Init          stm32f4xx_dma.o
    0x08001564   0x08001564   0x00000004   Code   RO         1321    i.DMA_SetCurrDataCounter  stm32f4xx_dma.o
    0x08001568   0x08001568   0x00000002   Code   RO           14    i.DebugMon_Handler  stm32f4xx_it.o
    0x0800156a   0x0800156a   0x00000002   PAD
    0x0800156c   0x0800156c   0x00000128   Code   RO         7268    i.DetectHook        detect_task.o
    0x08001694   0x08001694   0x00000016   Code   RO         6190    i.EXTI0_IRQHandler  exit_init.o
    0x080016aa   0x080016aa   0x00000016   Code   RO         6191    i.EXTI1_IRQHandler  exit_init.o
    0x080016c0   0x080016c0   0x00000020   Code   RO         7573    i.EXTI9_5_IRQHandler  ins_task.o
    0x080016e0   0x080016e0   0x0000000c   Code   RO         1590    i.EXTI_ClearITPendingBit  stm32f4xx_exti.o
    0x080016ec   0x080016ec   0x00000018   Code   RO         1594    i.EXTI_GetITStatus  stm32f4xx_exti.o
    0x08001704   0x08001704   0x00000094   Code   RO         1595    i.EXTI_Init         stm32f4xx_exti.o
    0x08001798   0x08001798   0x00000110   Code   RO         6821    i.GM6020_PWM_configuration  gm6020_pwm.o
    0x080018a8   0x080018a8   0x00000084   Code   RO         6193    i.GPIOF_Exti0_GPIO_Init  exit_init.o
    0x0800192c   0x0800192c   0x00000084   Code   RO         6194    i.GPIOF_Exti1_GPIO_Init  exit_init.o
    0x080019b0   0x080019b0   0x00000090   Code   RO         2151    i.GPIO_Init         stm32f4xx_gpio.o
    0x08001a40   0x08001a40   0x00000046   Code   RO         2152    i.GPIO_PinAFConfig  stm32f4xx_gpio.o
    0x08001a86   0x08001a86   0x00000004   Code   RO         2158    i.GPIO_ResetBits    stm32f4xx_gpio.o
    0x08001a8a   0x08001a8a   0x00000004   Code   RO         2159    i.GPIO_SetBits      stm32f4xx_gpio.o
    0x08001a8e   0x08001a8e   0x00000008   Code   RO         2161    i.GPIO_ToggleBits   stm32f4xx_gpio.o
    0x08001a96   0x08001a96   0x00000002   PAD
    0x08001a98   0x08001a98   0x00000040   Code   RO         6124    i.GetSysTime_us     delay.o
    0x08001ad8   0x08001ad8   0x00000004   Code   RO           15    i.HardFault_Handler  stm32f4xx_it.o
    0x08001adc   0x08001adc   0x000000ac   Code   RO         8389    i.LX_ANO_DT_Init    lx_imu.o
    0x08001b88   0x08001b88   0x000000b4   Code   RO         6747    i.LX_IMU_UART8_Configuration  uart8.o
    0x08001c3c   0x08001c3c   0x00000048   Code   RO         7865    i.Loop_1000Hz       start_task.o
    0x08001c84   0x08001c84   0x00000002   Code   RO         7866    i.Loop_100Hz        start_task.o
    0x08001c86   0x08001c86   0x00000002   Code   RO         7867    i.Loop_200Hz        start_task.o
    0x08001c88   0x08001c88   0x00000002   Code   RO         7868    i.Loop_20Hz         start_task.o
    0x08001c8a   0x08001c8a   0x00000002   Code   RO         7869    i.Loop_2Hz          start_task.o
    0x08001c8c   0x08001c8c   0x00000008   Code   RO         7870    i.Loop_500Hz        start_task.o
    0x08001c94   0x08001c94   0x00000002   Code   RO         7871    i.Loop_50Hz         start_task.o
    0x08001c96   0x08001c96   0x00000004   Code   RO           16    i.MemManage_Handler  stm32f4xx_it.o
    0x08001c9a   0x08001c9a   0x00000002   Code   RO           17    i.NMI_Handler       stm32f4xx_it.o
    0x08001c9c   0x08001c9c   0x00000078   Code   RO          231    i.NVIC_Init         misc.o
    0x08001d14   0x08001d14   0x00000014   Code   RO          232    i.NVIC_PriorityGroupConfig  misc.o
    0x08001d28   0x08001d28   0x000001f0   Code   RO         7688    i.PID_Calc          pid.o
    0x08001f18   0x08001f18   0x00000060   Code   RO         7689    i.PID_Init          pid.o
    0x08001f78   0x08001f78   0x00000020   Code   RO         3089    i.RCC_AHB1PeriphClockCmd  stm32f4xx_rcc.o
    0x08001f98   0x08001f98   0x00000020   Code   RO         3098    i.RCC_APB1PeriphClockCmd  stm32f4xx_rcc.o
    0x08001fb8   0x08001fb8   0x00000020   Code   RO         3100    i.RCC_APB1PeriphResetCmd  stm32f4xx_rcc.o
    0x08001fd8   0x08001fd8   0x00000020   Code   RO         3101    i.RCC_APB2PeriphClockCmd  stm32f4xx_rcc.o
    0x08001ff8   0x08001ff8   0x00000020   Code   RO         3103    i.RCC_APB2PeriphResetCmd  stm32f4xx_rcc.o
    0x08002018   0x08002018   0x000000e8   Code   RO         3110    i.RCC_GetClocksFreq  stm32f4xx_rcc.o
    0x08002100   0x08002100   0x0000014c   Code   RO         6530    i.RC_Init           rc.o
    0x0800224c   0x0800224c   0x00000030   Code   RO         7981    i.Referee_Task_Init  referee_usart_task.o
    0x0800227c   0x0800227c   0x000000da   Code   RO         7729    i.SBUS_TO_RC        remote_control.o
    0x08002356   0x08002356   0x00000002   PAD
    0x08002358   0x08002358   0x00000074   Code   RO         6610    i.SPI5_DMA_Enable   spi.o
    0x080023cc   0x080023cc   0x00000040   Code   RO         4415    i.SYSCFG_EXTILineConfig  stm32f4xx_syscfg.o
    0x0800240c   0x0800240c   0x00000050   Code   RO         7872    i.Scheduler_Run     start_task.o
    0x0800245c   0x0800245c   0x00000050   Code   RO         7873    i.Scheduler_Setup   start_task.o
    0x080024ac   0x080024ac   0x00000120   Code   RO          190    i.SetSysClock       system_stm32f4xx.o
    0x080025cc   0x080025cc   0x00000028   Code   RO          235    i.SysTick_CLKSourceConfig  misc.o
    0x080025f4   0x080025f4   0x0000000c   Code   RO         6125    i.SysTick_GetTick   delay.o
    0x08002600   0x08002600   0x0000001c   Code   RO         6126    i.SysTick_Handler   delay.o
    0x0800261c   0x0800261c   0x00000068   Code   RO          192    i.SystemInit        system_stm32f4xx.o
    0x08002684   0x08002684   0x00000024   Code   RO         6998    i.TIM6_DAC_IRQHandler  can_receive.o
    0x080026a8   0x080026a8   0x00000018   Code   RO         4476    i.TIM_ARRPreloadConfig  stm32f4xx_tim.o
    0x080026c0   0x080026c0   0x00000006   Code   RO         4482    i.TIM_ClearFlag     stm32f4xx_tim.o
    0x080026c6   0x080026c6   0x00000018   Code   RO         4488    i.TIM_Cmd           stm32f4xx_tim.o
    0x080026de   0x080026de   0x0000001e   Code   RO         4490    i.TIM_CtrlPWMOutputs  stm32f4xx_tim.o
    0x080026fc   0x080026fc   0x00000022   Code   RO         4509    i.TIM_GetITStatus   stm32f4xx_tim.o
    0x0800271e   0x0800271e   0x00000002   PAD
    0x08002720   0x08002720   0x0000007c   Code   RO         4517    i.TIM_OC1Init       stm32f4xx_tim.o
    0x0800279c   0x0800279c   0x00000012   Code   RO         4520    i.TIM_OC1PreloadConfig  stm32f4xx_tim.o
    0x080027ae   0x080027ae   0x00000002   PAD
    0x080027b0   0x080027b0   0x000000a4   Code   RO         4522    i.TIM_OC2Init       stm32f4xx_tim.o
    0x08002854   0x08002854   0x0000001a   Code   RO         4525    i.TIM_OC2PreloadConfig  stm32f4xx_tim.o
    0x0800286e   0x0800286e   0x00000002   PAD
    0x08002870   0x08002870   0x000000a0   Code   RO         4527    i.TIM_OC3Init       stm32f4xx_tim.o
    0x08002910   0x08002910   0x00000012   Code   RO         4530    i.TIM_OC3PreloadConfig  stm32f4xx_tim.o
    0x08002922   0x08002922   0x00000002   PAD
    0x08002924   0x08002924   0x00000078   Code   RO         4532    i.TIM_OC4Init       stm32f4xx_tim.o
    0x0800299c   0x0800299c   0x0000001a   Code   RO         4534    i.TIM_OC4PreloadConfig  stm32f4xx_tim.o
    0x080029b6   0x080029b6   0x00000004   Code   RO         4550    i.TIM_SetCompare1   stm32f4xx_tim.o
    0x080029ba   0x080029ba   0x00000002   PAD
    0x080029bc   0x080029bc   0x00000084   Code   RO         4560    i.TIM_TimeBaseInit  stm32f4xx_tim.o
    0x08002a40   0x08002a40   0x00000008   Code   RO         6846    i.UART7_IRQHandler  uart7.o
    0x08002a48   0x08002a48   0x00000048   Code   RO         6748    i.UART8_IRQHandler  uart8.o
    0x08002a90   0x08002a90   0x000000f0   Code   RO         7730    i.USART1_IRQHandler  remote_control.o
    0x08002b80   0x08002b80   0x00000150   Code   RO         6720    i.USART6_DMA_Init   usart6.o
    0x08002cd0   0x08002cd0   0x000000e4   Code   RO         7982    i.USART6_IRQHandler  referee_usart_task.o
    0x08002db4   0x08002db4   0x00000012   Code   RO         5038    i.USART_ClearFlag   stm32f4xx_usart.o
    0x08002dc6   0x08002dc6   0x0000001e   Code   RO         5039    i.USART_ClearITPendingBit  stm32f4xx_usart.o
    0x08002de4   0x08002de4   0x00000018   Code   RO         5042    i.USART_Cmd         stm32f4xx_usart.o
    0x08002dfc   0x08002dfc   0x00000012   Code   RO         5043    i.USART_DMACmd      stm32f4xx_usart.o
    0x08002e0e   0x08002e0e   0x00000002   PAD
    0x08002e10   0x08002e10   0x000000f0   Code   RO         5044    i.USART_DeInit      stm32f4xx_usart.o
    0x08002f00   0x08002f00   0x0000001a   Code   RO         5045    i.USART_GetFlagStatus  stm32f4xx_usart.o
    0x08002f1a   0x08002f1a   0x00000054   Code   RO         5046    i.USART_GetITStatus  stm32f4xx_usart.o
    0x08002f6e   0x08002f6e   0x0000004a   Code   RO         5048    i.USART_ITConfig    stm32f4xx_usart.o
    0x08002fb8   0x08002fb8   0x000000d4   Code   RO         5049    i.USART_Init        stm32f4xx_usart.o
    0x0800308c   0x0800308c   0x0000000a   Code   RO         5056    i.USART_ReceiveData  stm32f4xx_usart.o
    0x08003096   0x08003096   0x00000008   Code   RO         5059    i.USART_SendData    stm32f4xx_usart.o
    0x0800309e   0x0800309e   0x00000002   PAD
    0x080030a0   0x080030a0   0x00000080   Code   RO         6849    i.Uart7_IRQ         uart7.o
    0x08003120   0x08003120   0x00000004   Code   RO           18    i.UsageFault_Handler  stm32f4xx_it.o
    0x08003124   0x08003124   0x0000001e   Code   RO         6751    i.Usart_SendByte    uart8.o
    0x08003142   0x08003142   0x00000006   Code   RO         8115    i.__get_PRIMASK     fifo.o
    0x08003148   0x08003148   0x00000006   Code   RO         8116    i.__set_PRIMASK     fifo.o
    0x0800314e   0x0800314e   0x00000002   PAD
    0x08003150   0x08003150   0x000000b8   Code   RO         6042    i.buzzer_init       buzzer.o
    0x08003208   0x08003208   0x00000010   Code   RO         6043    i.buzzer_off        buzzer.o
    0x08003218   0x08003218   0x0000001c   Code   RO         6044    i.buzzer_on         buzzer.o
    0x08003234   0x08003234   0x00000010   Code   RO         7176    i.chassis_Setup     chassis_task.o
    0x08003244   0x08003244   0x00000090   Code   RO         7177    i.chassis_control_loop  chassis_task.o
    0x080032d4   0x080032d4   0x0000019c   Code   RO         7178    i.chassis_feedback_update  chassis_task.o
    0x08003470   0x08003470   0x00000108   Code   RO         7179    i.chassis_init      chassis_task.o
    0x08003578   0x08003578   0x0000006c   Code   RO         7185    i.chassis_task      chassis_task.o
    0x080035e4   0x080035e4   0x0000006c   Code   RO         6127    i.delay_init        delay.o
    0x08003650   0x08003650   0x00000050   Code   RO         6128    i.delay_ms          delay.o
    0x080036a0   0x080036a0   0x00000050   Code   RO         6129    i.delay_us          delay.o
    0x080036f0   0x080036f0   0x00000016   Code   RO         8137    i.fifo_s_init       fifo.o
    0x08003706   0x08003706   0x000000a0   Code   RO         8143    i.fifo_s_puts       fifo.o
    0x080037a6   0x080037a6   0x00000002   PAD
    0x080037a8   0x080037a8   0x00000024   Code   RO         5752    i.first_order_filter_init  user_lib.o
    0x080037cc   0x080037cc   0x00000044   Code   RO         6397    i.flow_led_Combo1   led.o
    0x08003810   0x08003810   0x00000018   Code   RO         6398    i.flow_led_off      led.o
    0x08003828   0x08003828   0x00000018   Code   RO         6400    i.flow_led_toggle   led.o
    0x08003840   0x08003840   0x00000100   Code   RO         6315    i.fric_PWM_configuration  fric.o
    0x08003940   0x08003940   0x00000018   Code   RO         6999    i.get_Chassis_Motor_Measure_Point  can_receive.o
    0x08003958   0x08003958   0x00000008   Code   RO         7581    i.get_INS_angle_point  ins_task.o
    0x08003960   0x08003960   0x00000008   Code   RO         7002    i.get_Shoot_Motor_Measure_Point  can_receive.o
    0x08003968   0x08003968   0x00000008   Code   RO         7003    i.get_SuperPowerMcu_Msg_Point  can_receive.o
    0x08003970   0x08003970   0x00000008   Code   RO         7428    i.get_pitch_motor_point  gimbal_task.o
    0x08003978   0x08003978   0x00000008   Code   RO         8330    i.get_power_heat_data_Point  referee_api.o
    0x08003980   0x08003980   0x00000008   Code   RO         7731    i.get_remote_control_point  remote_control.o
    0x08003988   0x08003988   0x00000008   Code   RO         8332    i.get_robot_state_data_Point  referee_api.o
    0x08003990   0x08003990   0x00000008   Code   RO         7429    i.get_yaw_motor_point  gimbal_task.o
    0x08003998   0x08003998   0x000000b8   Code   RO         7983    i.init_referee_struct_data  referee_usart_task.o
    0x08003a50   0x08003a50   0x0000003c   Code   RO         6358    i.laser_configuration  laser.o
    0x08003a8c   0x08003a8c   0x00000014   Code   RO         6360    i.laser_on          laser.o
    0x08003aa0   0x08003aa0   0x00000074   Code   RO         6401    i.led_configuration  led.o
    0x08003b14   0x08003b14   0x00000014   Code   RO         6403    i.led_green_on      led.o
    0x08003b28   0x08003b28   0x00000014   Code   RO         6406    i.led_red_on        led.o
    0x08003b3c   0x08003b3c   0x00000060   Code   RO         5758    i.loop_fp32_constrain  user_lib.o
    0x08003b9c   0x08003b9c   0x00000016   Code   RO         5853    i.main              main.o
    0x08003bb2   0x08003bb2   0x00000002   PAD
    0x08003bb4   0x08003bb4   0x00000010   Code   RO         5665    i.mpu6500_SPI_NS_H  mpu6500driver_middleware.o
    0x08003bc4   0x08003bc4   0x00000010   Code   RO         5666    i.mpu6500_SPI_NS_L  mpu6500driver_middleware.o
    0x08003bd4   0x08003bd4   0x00000048   Code   RO         6485    i.power_ctrl_configuration  power_ctrl.o
    0x08003c1c   0x08003c1c   0x00000020   Code   RO         6486    i.power_ctrl_off    power_ctrl.o
    0x08003c3c   0x08003c3c   0x00000020   Code   RO         6487    i.power_ctrl_on     power_ctrl.o
    0x08003c5c   0x08003c5c   0x00000014   Code   RO         7732    i.remote_control_init  remote_control.o
    0x08003c70   0x08003c70   0x0000003c   Code   RO         7435    i.shoot_initiate    gimbal_task.o
    0x08003cac   0x08003cac   0x00000010   Code   RO         7436    i.shoot_setup       gimbal_task.o
    0x08003cbc   0x08003cbc   0x00000110   Code   RO         7437    i.shoot_task        gimbal_task.o
    0x08003dcc   0x08003dcc   0x00000010   Code   RO         6130    i.sys_time          delay.o
    0x08003ddc   0x08003ddc   0x0000000c   Code   RO         8464    i.trigger_switch_in_PushWheel_detected  trigger_switch.o
    0x08003de8   0x08003de8   0x0000000c   Code   RO         8465    i.trigger_switch_in_ShootWheel_detected  trigger_switch.o
    0x08003df4   0x08003df4   0x0000000a   Code   RO         9175    x$fpl$fpinit        g_wm.l(fpinit.o)
    0x08003dfe   0x08003dfe   0x00000002   PAD
    0x08003e00   0x08003e00   0x00000020   Data   RO         7190    .constdata          chassis_task.o
    0x08003e20   0x08003e20   0x00000030   Data   RO         7439    .constdata          gimbal_task.o
    0x08003e50   0x08003e50   0x00000020   Data   RO         9266    Region$$Table       anon$$obj.o


    Execution Region RW_IRAM1 (Exec base: 0x20000000, Load base: 0x08003e70, Size: 0x00002048, Max: 0x00030000, ABSOLUTE)

    Exec Addr    Load Addr    Size         Type   Attr      Idx    E Section Name        Object

    0x20000000   0x08003e70   0x00000014   Data   RW          193    .data               system_stm32f4xx.o
    0x20000014   0x08003e84   0x00000010   Data   RW         3142    .data               stm32f4xx_rcc.o
    0x20000024   0x08003e94   0x00000010   Data   RW         6131    .data               delay.o
    0x20000034   0x08003ea4   0x00000002   Data   RW         6408    .data               led.o
    0x20000036   0x08003ea6   0x00000002   Data   RW         6851    .data               uart7.o
    0x20000038   0x08003ea8   0x00000009   Data   RW         7006    .data               can_receive.o
    0x20000041   0x08003eb1   0x00000003   PAD
    0x20000044   0x08003eb4   0x0000001c   Data   RW         7440    .data               gimbal_task.o
    0x20000060   0x08003ed0   0x00000002   Data   RW         7736    .data               remote_control.o
    0x20000062   0x08003ed2   0x00000002   PAD
    0x20000064   0x08003ed4   0x00000054   Data   RW         7875    .data               start_task.o
    0x200000b8   0x08003f28   0x00000034   Data   RW         7987    .data               referee_usart_task.o
    0x200000ec   0x08003f5c   0x00000009   Data   RW         8394    .data               lx_imu.o
    0x200000f5   0x08003f65   0x00000002   Data   RW         8467    .data               trigger_switch.o
    0x200000f7   0x08003f67   0x00000001   PAD
    0x200000f8   0x08003f68   0x0000000c   Data   RW         8555    .data               ano_dt.o
    0x20000104        -       0x00000200   Zero   RW         6850    .bss                uart7.o
    0x20000304        -       0x0000008c   Zero   RW         7005    .bss                can_receive.o
    0x20000390        -       0x00000238   Zero   RW         7189    .bss                chassis_task.o
    0x200005c8        -       0x00000144   Zero   RW         7273    .bss                detect_task.o
    0x2000070c        -       0x0000029c   Zero   RW         7438    .bss                gimbal_task.o
    0x200009a8        -       0x00000158   Zero   RW         7584    .bss                ins_task.o
    0x20000b00        -       0x0000005e   Zero   RW         7735    .bss                remote_control.o
    0x20000b5e   0x08003f74   0x00000002   PAD
    0x20000b60        -       0x00000024   Zero   RW         7874    .bss                start_task.o
    0x20000b84        -       0x000008f6   Zero   RW         7986    .bss                referee_usart_task.o
    0x2000147a   0x08003f74   0x00000002   PAD
    0x2000147c        -       0x00000768   Zero   RW         8393    .bss                lx_imu.o
    0x20001be4        -       0x00000060   Zero   RW         9134    .bss                c_w.l(libspace.o)
    0x20001c44   0x08003f74   0x00000004   PAD
    0x20001c48        -       0x00000000   Zero   RW            2    HEAP                startup_stm32f427xx.o
    0x20001c48        -       0x00000400   Zero   RW            1    STACK               startup_stm32f427xx.o


==============================================================================

Image component sizes


      Code (inc. data)   RO Data    RW Data    ZI Data      Debug   Object Name

        34          6          0         12          0       4109   ano_dt.o
       250         20          0          0          0       2422   buzzer.o
         0          0          0          0          0        548   calibrate_task.o
       272          8          0          0          0       1049   can.o
       840         84          0          9        140       8496   can_receive.o
         0          0          0          0          0       7364   chassis_behaviour.o
       944         82         32          0        568       4653   chassis_task.o
       388         48          0         16          0       4661   delay.o
       296         10          0          0        324       2501   detect_task.o
       308         12          0          0          0       2958   exit_init.o
       194          0          0          0          0       4284   fifo.o
       256          8          0          0          0        789   fric.o
         0          0          0          0          0       4016   gimbal_behaviour.o
       364         64         48         28        668       8703   gimbal_task.o
       272         10          0          0          0        819   gm6020_pwm.o
        76         14          0          0        344       6779   ins_task.o
        80         12          0          0          0       1053   laser.o
       272         42          0          2          0       3259   led.o
       764         54          0          9       1896       4483   lx_imu.o
       174          4          0          0          0       8086   main.o
       180         24          0          0          0       2049   misc.o
        32          8          0          0          0       1054   mpu6500driver_middleware.o
       592          8          0          0          0       2382   pid.o
       136         18          0          0          0       1824   power_ctrl.o
       332         20          0          0          0       1294   rc.o
        16          8          0          0          0       1513   referee_api.o
       460        116          0         52       2294       4963   referee_usart_task.o
       486         32          0          2         94       4743   remote_control.o
       116         12          0          0          0        594   spi.o
       250         18          0         84         36       5867   start_task.o
        76         28        428          0       1024        888   startup_stm32f427xx.o
      1566         16          0          0          0       6358   stm32f4xx_can.o
       672         54          0          0          0       7975   stm32f4xx_dma.o
       184         16          0          0          0       2056   stm32f4xx_exti.o
       230          0          0          0          0       3389   stm32f4xx_gpio.o
        20          0          0          0          0     324973   stm32f4xx_it.o
       392         48          0         16          0       5789   stm32f4xx_rcc.o
        64          4          0          0          0        648   stm32f4xx_syscfg.o
       910         66          0          0          0       9989   stm32f4xx_tim.o
       744         42          0          0          0       7903   stm32f4xx_usart.o
       392         32          0         20          0       1837   system_stm32f4xx.o
        24          8          0          2          0       1450   trigger_switch.o
       320         26          0          2        512       2522   uart7.o
       282         16          0          0          0       2545   uart8.o
       336         12          0          0          0       1358   usart6.o
       132          4          0          0          0       2396   user_lib.o

    ----------------------------------------------------------------------
     14764       1114        540        260       7904     489391   Object Totals
         0          0         32          0          0          0   (incl. Generated)
        36          0          0          6          4          0   (incl. Padding)

    ----------------------------------------------------------------------

      Code (inc. data)   RO Data    RW Data    ZI Data      Debug   Library Member Name

         8          0          0          0          0         68   __main.o
         0          0          0          0          0          0   __rtentry.o
        12          0          0          0          0          0   __rtentry2.o
         6          0          0          0          0          0   __rtentry4.o
        52          8          0          0          0          0   __scatter.o
        26          0          0          0          0          0   __scatter_copy.o
        28          0          0          0          0          0   __scatter_zi.o
        18          0          0          0          0         80   exit.o
         6          0          0          0          0        152   heapauxi.o
         0          0          0          0          0          0   indicate_semi.o
         2          0          0          0          0          0   libinit.o
         6          0          0          0          0          0   libinit2.o
         2          0          0          0          0          0   libshutdown.o
         2          0          0          0          0          0   libshutdown2.o
         8          4          0          0         96         68   libspace.o
        68          0          0          0          0         68   rt_memclr.o
        78          0          0          0          0         80   rt_memclr_w.o
       138          0          0          0          0         68   rt_memcpy_v6.o
       100          0          0          0          0         80   rt_memcpy_w.o
         2          0          0          0          0          0   rtexit.o
        10          0          0          0          0          0   rtexit2.o
        12          4          0          0          0         68   sys_exit.o
        74          0          0          0          0         80   sys_stackheap_outer.o
         2          0          0          0          0         68   use_no_semi.o
        10          0          0          0          0        116   fpinit.o

    ----------------------------------------------------------------------
       680         16          0          0        100        996   Library Totals
        10          0          0          0          4          0   (incl. Padding)

    ----------------------------------------------------------------------

      Code (inc. data)   RO Data    RW Data    ZI Data      Debug   Library Name

       660         16          0          0         96        880   c_w.l
        10          0          0          0          0        116   g_wm.l

    ----------------------------------------------------------------------
       680         16          0          0        100        996   Library Totals

    ----------------------------------------------------------------------

==============================================================================


      Code (inc. data)   RO Data    RW Data    ZI Data      Debug   

     15444       1130        540        260       8004     474123   Grand Totals
     15444       1130        540        260       8004     474123   ELF Image Totals
     15444       1130        540        260          0          0   ROM Totals

==============================================================================

    Total RO  Size (Code + RO Data)                15984 (  15.61kB)
    Total RW  Size (RW Data + ZI Data)              8264 (   8.07kB)
    Total ROM Size (Code + RO Data + RW Data)      16244 (  15.86kB)

==============================================================================

